07:34:37:749 [65312] | INFO  | Initializing crosire's ReShade version '6.8.0.2155' (64-bit) loaded from 'C:\ProgramData\ReShade\ReShade64.dll' into 'C:\Program Files\Hypergryph Launcher\games\Endfield Game\Endfield.exe' (0xC33449FE) ...
07:34:37:750 [65312] | INFO  | Registering hooks for 'user32.dll' ...
07:34:37:750 [65312] | INFO  | > Libraries loaded.
07:34:37:751 [65312] | INFO  | > Found 21 match(es). Installing ...
07:34:37:842 [65312] | INFO  | Registering hooks for 'C:\WINDOWS\system32\dinput.dll' ...
07:34:37:843 [65312] | INFO  | > Delayed.
07:34:37:844 [65312] | INFO  | Registering hooks for 'C:\WINDOWS\system32\dinput8.dll' ...
07:34:37:844 [65312] | INFO  | > Delayed.
07:34:37:844 [65312] | INFO  | Registering hooks for 'C:\WINDOWS\system32\d2d1.dll' ...
07:34:37:844 [65312] | INFO  | > Delayed.
07:34:37:844 [65312] | INFO  | Registering hooks for 'C:\WINDOWS\system32\d3d9.dll' ...
07:34:37:844 [65312] | INFO  | > Libraries loaded.
07:34:37:844 [65312] | INFO  | > Found 11 match(es). Installing ...
07:34:37:940 [65312] | INFO  | Registering hooks for 'C:\WINDOWS\system32\d3d10.dll' ...
07:34:37:941 [65312] | INFO  | > Delayed.
07:34:37:941 [65312] | INFO  | Registering hooks for 'C:\WINDOWS\system32\d3d10_1.dll' ...
07:34:37:941 [65312] | INFO  | > Delayed.
07:34:37:941 [65312] | INFO  | Registering hooks for 'C:\WINDOWS\system32\d3d11.dll' ...
07:34:37:942 [65312] | INFO  | > Delayed.
07:34:37:942 [65312] | INFO  | Registering hooks for 'C:\WINDOWS\system32\d3d12.dll' ...
07:34:37:942 [65312] | INFO  | > Delayed.
07:34:37:942 [65312] | INFO  | Registering hooks for 'C:\WINDOWS\system32\dxgi.dll' ...
07:34:37:942 [65312] | INFO  | > Libraries loaded.
07:34:37:942 [65312] | INFO  | > Found 5 match(es). Installing ...
07:34:38:035 [65312] | INFO  | Registering hooks for 'C:\WINDOWS\system32\opengl32.dll' ...
07:34:38:036 [65312] | INFO  | > Delayed.
07:34:38:036 [65312] | INFO  | Registering hooks for 'openvr_api.dll' ...
07:34:38:036 [65312] | INFO  | > Delayed.
07:34:38:036 [65312] | INFO  | Initialized.
07:34:38:059 [65312] | INFO  | Redirecting CreateDXGIFactory1(riid = {C1B6694F-FF09-44A9-B03C-77900A0A1D17}, ppFactory = 000000000014B9E0) ...
07:34:38:060 [65312] | INFO  | Redirecting vkCreateInstance(pCreateInfo = 000000000014B820, pAllocator = 0000000000000000, pInstance = 000000000014BE18) ...
07:34:38:060 [65312] | INFO  | > Dumping enabled instance extensions:
07:34:38:061 [65312] | INFO  | Searching for add-ons (*.addon, *.addon64) in 'C:\Program Files\Hypergryph Launcher\games\Endfield Game' ...
07:34:38:061 [65312] | INFO  | Loading add-on from 'C:\Program Files\Hypergryph Launcher\games\Endfield Game\dlss5-bridge.addon64' ...
07:34:38:073 [65312] | INFO  | Registered add-on "DLSS 5 Bridge 1.4.13-pre8-endfield1-vk-fgrelay7" v1.4.13.8114 using ReShade API version 18.
07:34:38:124 [65312] | INFO  | Loading add-on from 'C:\Program Files\Hypergryph Launcher\games\Endfield Game\renodx-dlss5.addon64' ...
07:34:38:154 [65312] | INFO  | Registered add-on "DLSS 5 Neural Rendering" v0.2026.926.210 using ReShade API version 18.
07:34:38:158 [65312] | INFO  | [DLSS 5 Neural Rendering] DLSS5 Generic: NRGlobalTone=2.000000 is stored but has no effect: NR runtime 310.8 reads no global tone key, and the setting was removed in rc5
07:34:38:160 [65312] | INFO  | [DLSS 5 Neural Rendering] DLSS5 Generic: DX11Source=auto (default): in a process that presents through Direct3D 11 the game's own Direct3D 11 DLSS is served through the Direct3D 11 bridge, unless a DX11 bridge add-on of another project is loaded, which keeps the foreign route
07:34:38:160 [65312] | INFO  | [DLSS 5 Neural Rendering] DLSS5 Generic: DLSS5 active settings: intensity=2.000000 color_strength=1.000000 transfer=1.000000 paper_white=2.537500 preset=2 style=2 enabled=ON
07:34:38:161 [65312] | INFO  | [DLSS 5 Neural Rendering] DLSS5 Generic: RenoDX DLSS5 Generic v8.5.0-rc10 (build Sep 26 2026 16:19:46) loaded (hotkeys: NR toggle Num *, screenshot F5) | ListStateMode=1 DedupeMode=1
07:34:38:161 [65312] | INFO  | [DLSS 5 Neural Rendering] DLSS5 Generic: For support, share this ReShade.log and a screenshot of the addon's overlay status text. If the game itself crashes, also share RenoDX-DLSS5-crash.log next to the game's exe: it names the module that faulted.
07:34:38:161 [65312] | DEBUG | [DLSS 5 Neural Rendering] DLSS5 Generic: NGX D3D12 module copy [0]: Export not present: NVSDK_NGX_D3D12_EvaluateFeature_C
07:34:38:161 [65312] | INFO  | [DLSS 5 Neural Rendering] DLSS5 Generic: detoured NGX module copy [0] C:\WINDOWS\System32\DriverStore\FileRepository\nv_dispsi.inf_amd64_b8459fc8f905f657\_nvngx.dll (core)
07:34:38:161 [65312] | INFO  | [DLSS 5 Neural Rendering] DLSS5 Generic: D3D12 NGX hooks installed across 1 module copy(ies); inline DLSS contract capture armed
07:34:38:161 [65312] | INFO  | Requesting new Vulkan instance for API version 1.1.
07:34:38:163 [65312] | INFO  | Redirecting CreateDXGIFactory1(riid = {770AAE78-F26F-4DBA-A829-253C83D1B387}, ppFactory = 00000000001412D8) ...
07:34:38:164 [65312] | INFO  | Redirecting CreateDXGIFactory1(riid = {770AAE78-F26F-4DBA-A829-253C83D1B387}, ppFactory = 0000000000141308) ...
07:34:38:167 [65312] | INFO  | Redirecting CreateDXGIFactory1(riid = {770AAE78-F26F-4DBA-A829-253C83D1B387}, ppFactory = 0000000000141308) ...
07:34:38:211 [65312] | INFO  | Redirecting CreateDXGIFactory1(riid = {770AAE78-F26F-4DBA-A829-253C83D1B387}, ppFactory = 0000000000140DB8) ...
07:34:38:213 [65312] | INFO  | Redirecting CreateDXGIFactory1(riid = {770AAE78-F26F-4DBA-A829-253C83D1B387}, ppFactory = 0000000000140DB8) ...
07:34:38:216 [65312] | INFO  | Redirecting CreateDXGIFactory1(riid = {770AAE78-F26F-4DBA-A829-253C83D1B387}, ppFactory = 0000000010002570) ...
07:34:38:217 [65312] | INFO  | Redirecting CreateDXGIFactory1(riid = {C1B6694F-FF09-44A9-B03C-77900A0A1D17}, ppFactory = 000000000014E788) ...
07:34:38:219 [65312] | INFO  | Redirecting CreateDXGIFactory1(riid = {C1B6694F-FF09-44A9-B03C-77900A0A1D17}, ppFactory = 000000000014E788) ...
07:34:38:221 [65312] | INFO  | Redirecting CreateDXGIFactory1(riid = {C1B6694F-FF09-44A9-B03C-77900A0A1D17}, ppFactory = 000000000014E788) ...
07:34:38:223 [65312] | INFO  | Redirecting CreateDXGIFactory1(riid = {C1B6694F-FF09-44A9-B03C-77900A0A1D17}, ppFactory = 000000000014E788) ...
07:34:38:251 [65312] | INFO  | Redirecting vkDestroyInstance(instance = 0000000005E06230, pAllocator = 0000000000000000) ...
07:34:38:251 [65312] | INFO  | Unloading add-on "DLSS 5 Bridge 1.4.13-pre8-endfield1-vk-fgrelay7" ...
07:34:38:251 [65312] | WARN  | Add-on "DLSS 5 Bridge 1.4.13-pre8-endfield1-vk-fgrelay7" was not unregistered!
07:34:38:252 [65312] | INFO  | Unloading add-on "DLSS 5 Neural Rendering" ...
07:34:38:252 [65312] | INFO  | Unregistered add-on "DLSS 5 Neural Rendering".
07:34:38:974 [65312] | INFO  | Redirecting CreateDXGIFactory1(riid = {770AAE78-F26F-4DBA-A829-253C83D1B387}, ppFactory = 00000000001459D8) ...
07:34:38:976 [65312] | INFO  | Redirecting CreateDXGIFactory1(riid = {770AAE78-F26F-4DBA-A829-253C83D1B387}, ppFactory = 0000000000145A08) ...
07:34:38:980 [65312] | INFO  | Redirecting CreateDXGIFactory1(riid = {770AAE78-F26F-4DBA-A829-253C83D1B387}, ppFactory = 0000000000145A08) ...
07:34:38:987 [65312] | INFO  | Redirecting CreateDXGIFactory1(riid = {770AAE78-F26F-4DBA-A829-253C83D1B387}, ppFactory = 0000000000148E28) ...
07:34:39:007 [65312] | INFO  | Redirecting CreateDXGIFactory1(riid = {C1B6694F-FF09-44A9-B03C-77900A0A1D17}, ppFactory = 000000000014B7D0) ...
07:34:39:009 [65312] | INFO  | Redirecting vkCreateInstance(pCreateInfo = 000000000014B610, pAllocator = 0000000000000000, pInstance = 000000000014BC08) ...
07:34:39:010 [65312] | INFO  | > Dumping enabled instance extensions:
07:34:39:010 [65312] | INFO  |   VK_KHR_get_physical_device_properties2
07:34:39:010 [65312] | INFO  | Loading externally registered add-on "DLSS 5 Bridge 1.4.13-pre8-endfield1-vk-fgrelay7" ...
07:34:39:010 [65312] | INFO  | Searching for add-ons (*.addon, *.addon64) in 'C:\Program Files\Hypergryph Launcher\games\Endfield Game' ...
07:34:39:010 [65312] | INFO  | Loading add-on from 'C:\Program Files\Hypergryph Launcher\games\Endfield Game\renodx-dlss5.addon64' ...
07:34:39:047 [65312] | INFO  | Registered add-on "DLSS 5 Neural Rendering" v0.2026.926.210 using ReShade API version 18.
07:34:39:047 [65312] | INFO  | [DLSS 5 Neural Rendering] DLSS5 Generic: NRGlobalTone=2.000000 is stored but has no effect: NR runtime 310.8 reads no global tone key, and the setting was removed in rc5
07:34:39:048 [65312] | INFO  | [DLSS 5 Neural Rendering] DLSS5 Generic: DX11Source=auto (default): in a process that presents through Direct3D 11 the game's own Direct3D 11 DLSS is served through the Direct3D 11 bridge, unless a DX11 bridge add-on of another project is loaded, which keeps the foreign route
07:34:39:048 [65312] | INFO  | [DLSS 5 Neural Rendering] DLSS5 Generic: DLSS5 active settings: intensity=2.000000 color_strength=1.000000 transfer=1.000000 paper_white=2.537500 preset=2 style=2 enabled=ON
07:34:39:048 [65312] | INFO  | [DLSS 5 Neural Rendering] DLSS5 Generic: RenoDX DLSS5 Generic v8.5.0-rc10 (build Sep 26 2026 16:19:46) loaded (hotkeys: NR toggle Num *, screenshot F5) | ListStateMode=1 DedupeMode=1
07:34:39:048 [65312] | INFO  | [DLSS 5 Neural Rendering] DLSS5 Generic: For support, share this ReShade.log and a screenshot of the addon's overlay status text. If the game itself crashes, also share RenoDX-DLSS5-crash.log next to the game's exe: it names the module that faulted.
07:34:39:048 [65312] | DEBUG | [DLSS 5 Neural Rendering] DLSS5 Generic: NGX D3D12 module copy [0]: Export not present: NVSDK_NGX_D3D12_EvaluateFeature_C
07:34:39:048 [65312] | INFO  | [DLSS 5 Neural Rendering] DLSS5 Generic: detoured NGX module copy [0] C:\WINDOWS\System32\DriverStore\FileRepository\nv_dispsi.inf_amd64_b8459fc8f905f657\_nvngx.dll (core)
07:34:39:048 [65312] | INFO  | [DLSS 5 Neural Rendering] DLSS5 Generic: D3D12 NGX hooks installed across 1 module copy(ies); inline DLSS contract capture armed
07:34:39:049 [65312] | INFO  | Requesting new Vulkan instance for API version 1.1.
07:34:39:050 [65312] | INFO  | Redirecting CreateDXGIFactory1(riid = {770AAE78-F26F-4DBA-A829-253C83D1B387}, ppFactory = 00000000001410F8) ...
07:34:39:054 [65312] | INFO  | Redirecting CreateDXGIFactory1(riid = {770AAE78-F26F-4DBA-A829-253C83D1B387}, ppFactory = 00000000001410F8) ...
07:34:39:077 [65312] | INFO  | Redirecting CreateDXGIFactory1(riid = {770AAE78-F26F-4DBA-A829-253C83D1B387}, ppFactory = 0000000000140BA8) ...
07:34:39:080 [65312] | INFO  | Redirecting CreateDXGIFactory1(riid = {770AAE78-F26F-4DBA-A829-253C83D1B387}, ppFactory = 0000000000140BA8) ...
07:34:39:082 [65312] | INFO  | Redirecting CreateDXGIFactory1(riid = {C1B6694F-FF09-44A9-B03C-77900A0A1D17}, ppFactory = 000000000014E5E8) ...
07:34:39:084 [65312] | INFO  | Redirecting CreateDXGIFactory1(riid = {C1B6694F-FF09-44A9-B03C-77900A0A1D17}, ppFactory = 000000000014E5E8) ...
07:34:39:087 [65312] | INFO  | Redirecting CreateDXGIFactory1(riid = {C1B6694F-FF09-44A9-B03C-77900A0A1D17}, ppFactory = 000000000014E5E8) ...
07:34:39:090 [65312] | INFO  | Redirecting CreateDXGIFactory1(riid = {C1B6694F-FF09-44A9-B03C-77900A0A1D17}, ppFactory = 000000000014E5E8) ...
07:34:39:093 [65312] | INFO  | Redirecting vkDestroyInstance(instance = 000000007E2C6060, pAllocator = 0000000000000000) ...
07:34:39:093 [65312] | INFO  | Unloading add-on "DLSS 5 Bridge 1.4.13-pre8-endfield1-vk-fgrelay7" ...
07:34:39:093 [65312] | INFO  | Unloading add-on "DLSS 5 Neural Rendering" ...
07:34:39:094 [65312] | INFO  | Unregistered add-on "DLSS 5 Neural Rendering".
07:34:39:141 [65312] | INFO  | Installing delayed hooks for 'C:\WINDOWS\system32\d3d12.dll' (Just loaded via LoadLibrary('C:\WINDOWS\SYSTEM32\d3d12.dll')) ...
07:34:39:141 [65312] | INFO  | > Found 8 match(es). Installing ...
07:34:39:266 [65312] | INFO  | Redirecting CreateDXGIFactory1(riid = {7B7166EC-21C7-44AE-B21A-C9AE321AE369}, ppFactory = 000000000014EA00) ...
07:34:39:290 [65312] | INFO  | Redirecting CreateDXGIFactory1(riid = {770AAE78-F26F-4DBA-A829-253C83D1B387}, ppFactory = 00000000001480B8) ...
07:34:39:306 [69384] | INFO  | Redirecting Direct3DCreate9(SDKVersion = 0x20) ...
07:34:39:307 [65312] | INFO  | Redirecting CreateDXGIFactory1(riid = {C1B6694F-FF09-44A9-B03C-77900A0A1D17}, ppFactory = 000000000014AA60) ...
07:34:39:309 [65312] | INFO  | Redirecting vkCreateInstance(pCreateInfo = 000000000014A8A0, pAllocator = 0000000000000000, pInstance = 000000000014AE98) ...
07:34:39:309 [65312] | INFO  | > Dumping enabled instance extensions:
07:34:39:309 [65312] | INFO  |   VK_KHR_surface
07:34:39:309 [65312] | INFO  |   VK_KHR_win32_surface
07:34:39:309 [65312] | INFO  | Loading externally registered add-on "DLSS 5 Bridge 1.4.13-pre8-endfield1-vk-fgrelay7" ...
07:34:39:310 [65312] | INFO  | Searching for add-ons (*.addon, *.addon64) in 'C:\Program Files\Hypergryph Launcher\games\Endfield Game' ...
07:34:39:310 [65312] | INFO  | Loading add-on from 'C:\Program Files\Hypergryph Launcher\games\Endfield Game\renodx-dlss5.addon64' ...
07:34:39:339 [65312] | INFO  | Registered add-on "DLSS 5 Neural Rendering" v0.2026.926.210 using ReShade API version 18.
07:34:39:339 [65312] | INFO  | [DLSS 5 Neural Rendering] DLSS5 Generic: NRGlobalTone=2.000000 is stored but has no effect: NR runtime 310.8 reads no global tone key, and the setting was removed in rc5
07:34:39:339 [65312] | INFO  | [DLSS 5 Neural Rendering] DLSS5 Generic: DX11Source=auto (default): in a process that presents through Direct3D 11 the game's own Direct3D 11 DLSS is served through the Direct3D 11 bridge, unless a DX11 bridge add-on of another project is loaded, which keeps the foreign route
07:34:39:339 [65312] | INFO  | [DLSS 5 Neural Rendering] DLSS5 Generic: DLSS5 active settings: intensity=2.000000 color_strength=1.000000 transfer=1.000000 paper_white=2.537500 preset=2 style=2 enabled=ON
07:34:39:339 [65312] | INFO  | [DLSS 5 Neural Rendering] DLSS5 Generic: RenoDX DLSS5 Generic v8.5.0-rc10 (build Sep 26 2026 16:19:46) loaded (hotkeys: NR toggle Num *, screenshot F5) | ListStateMode=1 DedupeMode=1
07:34:39:340 [65312] | INFO  | [DLSS 5 Neural Rendering] DLSS5 Generic: For support, share this ReShade.log and a screenshot of the addon's overlay status text. If the game itself crashes, also share RenoDX-DLSS5-crash.log next to the game's exe: it names the module that faulted.
07:34:39:340 [65312] | DEBUG | [DLSS 5 Neural Rendering] DLSS5 Generic: NGX D3D12 module copy [0]: Export not present: NVSDK_NGX_D3D12_EvaluateFeature_C
07:34:39:340 [65312] | INFO  | [DLSS 5 Neural Rendering] DLSS5 Generic: detoured NGX module copy [0] C:\WINDOWS\System32\DriverStore\FileRepository\nv_dispsi.inf_amd64_b8459fc8f905f657\_nvngx.dll (core)
07:34:39:340 [65312] | INFO  | [DLSS 5 Neural Rendering] DLSS5 Generic: D3D12 NGX hooks installed across 1 module copy(ies); inline DLSS contract capture armed
07:34:39:340 [65312] | INFO  | Requesting new Vulkan instance for API version 1.1.
07:34:39:342 [65312] | INFO  | Redirecting CreateDXGIFactory1(riid = {770AAE78-F26F-4DBA-A829-253C83D1B387}, ppFactory = 0000000000140358) ...
07:34:39:343 [65312] | INFO  | Redirecting CreateDXGIFactory1(riid = {770AAE78-F26F-4DBA-A829-253C83D1B387}, ppFactory = 0000000000140388) ...
07:34:39:346 [65312] | INFO  | Redirecting CreateDXGIFactory1(riid = {770AAE78-F26F-4DBA-A829-253C83D1B387}, ppFactory = 0000000000140388) ...
07:34:39:391 [65312] | INFO  | Redirecting CreateDXGIFactory1(riid = {770AAE78-F26F-4DBA-A829-253C83D1B387}, ppFactory = 000000000013FE38) ...
07:34:39:394 [65312] | INFO  | Redirecting CreateDXGIFactory1(riid = {770AAE78-F26F-4DBA-A829-253C83D1B387}, ppFactory = 000000000013FE38) ...
07:34:39:398 [65312] | INFO  | Redirecting CreateDXGIFactory1(riid = {C1B6694F-FF09-44A9-B03C-77900A0A1D17}, ppFactory = 000000000014D878) ...
07:34:39:400 [65312] | INFO  | Redirecting CreateDXGIFactory1(riid = {C1B6694F-FF09-44A9-B03C-77900A0A1D17}, ppFactory = 000000000014D878) ...
07:34:39:402 [65312] | INFO  | Redirecting CreateDXGIFactory1(riid = {C1B6694F-FF09-44A9-B03C-77900A0A1D17}, ppFactory = 000000000014D878) ...
07:34:39:404 [65312] | INFO  | Redirecting CreateDXGIFactory1(riid = {C1B6694F-FF09-44A9-B03C-77900A0A1D17}, ppFactory = 000000000014D878) ...
07:34:40:630 [65312] | INFO  | Redirecting vkDestroyInstance(instance = 000000007FB2FDD0, pAllocator = 0000000000000000) ...
07:34:40:630 [65312] | INFO  | Unloading add-on "DLSS 5 Bridge 1.4.13-pre8-endfield1-vk-fgrelay7" ...
07:34:40:632 [65312] | INFO  | Unloading add-on "DLSS 5 Neural Rendering" ...
07:34:40:632 [65312] | WARN  | Add-on "DLSS 5 Neural Rendering" was not unregistered!
07:34:40:652 [65312] | INFO  | Redirecting CreateDXGIFactory1(riid = {770AAE78-F26F-4DBA-A829-253C83D1B387}, ppFactory = 0000000000148108) ...
07:34:40:654 [65312] | INFO  | Redirecting CreateDXGIFactory1(riid = {C1B6694F-FF09-44A9-B03C-77900A0A1D17}, ppFactory = 000000000014AAB0) ...
07:34:40:656 [65312] | INFO  | Redirecting vkCreateInstance(pCreateInfo = 000000000014A8F0, pAllocator = 0000000000000000, pInstance = 000000000014AEE8) ...
07:34:40:656 [65312] | INFO  | > Dumping enabled instance extensions:
07:34:40:656 [65312] | INFO  |   VK_KHR_surface
07:34:40:656 [65312] | INFO  |   VK_KHR_win32_surface
07:34:40:656 [65312] | INFO  | Loading externally registered add-on "DLSS 5 Bridge 1.4.13-pre8-endfield1-vk-fgrelay7" ...
07:34:40:656 [65312] | INFO  | Loading externally registered add-on "DLSS 5 Neural Rendering" ...
07:34:40:656 [65312] | INFO  | Searching for add-ons (*.addon, *.addon64) in 'C:\Program Files\Hypergryph Launcher\games\Endfield Game' ...
07:34:40:657 [65312] | INFO  | Requesting new Vulkan instance for API version 1.1.
07:34:40:658 [65312] | INFO  | Redirecting CreateDXGIFactory1(riid = {770AAE78-F26F-4DBA-A829-253C83D1B387}, ppFactory = 00000000001403A8) ...
07:34:40:659 [65312] | INFO  | Redirecting CreateDXGIFactory1(riid = {770AAE78-F26F-4DBA-A829-253C83D1B387}, ppFactory = 00000000001403D8) ...
07:34:40:662 [65312] | INFO  | Redirecting CreateDXGIFactory1(riid = {770AAE78-F26F-4DBA-A829-253C83D1B387}, ppFactory = 00000000001403D8) ...
07:34:40:680 [65312] | INFO  | Redirecting CreateDXGIFactory1(riid = {770AAE78-F26F-4DBA-A829-253C83D1B387}, ppFactory = 000000000013FE88) ...
07:34:40:684 [65312] | INFO  | Redirecting CreateDXGIFactory1(riid = {770AAE78-F26F-4DBA-A829-253C83D1B387}, ppFactory = 000000000013FE88) ...
07:34:40:687 [65312] | INFO  | Redirecting CreateDXGIFactory1(riid = {C1B6694F-FF09-44A9-B03C-77900A0A1D17}, ppFactory = 000000000014D8C8) ...
07:34:40:690 [65312] | INFO  | Redirecting CreateDXGIFactory1(riid = {C1B6694F-FF09-44A9-B03C-77900A0A1D17}, ppFactory = 000000000014D8C8) ...
07:34:40:693 [65312] | INFO  | Redirecting CreateDXGIFactory1(riid = {C1B6694F-FF09-44A9-B03C-77900A0A1D17}, ppFactory = 000000000014D8C8) ...
07:34:40:695 [65312] | INFO  | Redirecting CreateDXGIFactory1(riid = {C1B6694F-FF09-44A9-B03C-77900A0A1D17}, ppFactory = 000000000014D8C8) ...
07:34:40:706 [65312] | INFO  | Redirecting vkDestroyInstance(instance = 000000007FB2FDD0, pAllocator = 0000000000000000) ...
07:34:40:706 [65312] | INFO  | Unloading add-on "DLSS 5 Bridge 1.4.13-pre8-endfield1-vk-fgrelay7" ...
07:34:40:706 [65312] | INFO  | Unloading add-on "DLSS 5 Neural Rendering" ...
07:34:40:718 [65312] | INFO  | Redirecting CreateDXGIFactory1(riid = {770AAE78-F26F-4DBA-A829-253C83D1B387}, ppFactory = 0000000000148068) ...
07:34:40:719 [65312] | INFO  | Redirecting CreateDXGIFactory1(riid = {C1B6694F-FF09-44A9-B03C-77900A0A1D17}, ppFactory = 000000000014AA10) ...
07:34:40:721 [65312] | INFO  | Redirecting vkCreateInstance(pCreateInfo = 000000000014A850, pAllocator = 0000000000000000, pInstance = 000000000014AE48) ...
07:34:40:721 [65312] | INFO  | > Dumping enabled instance extensions:
07:34:40:721 [65312] | INFO  |   VK_KHR_surface
07:34:40:721 [65312] | INFO  |   VK_KHR_win32_surface
07:34:40:721 [65312] | INFO  | Loading externally registered add-on "DLSS 5 Bridge 1.4.13-pre8-endfield1-vk-fgrelay7" ...
07:34:40:721 [65312] | INFO  | Loading externally registered add-on "DLSS 5 Neural Rendering" ...
07:34:40:721 [65312] | INFO  | Searching for add-ons (*.addon, *.addon64) in 'C:\Program Files\Hypergryph Launcher\games\Endfield Game' ...
07:34:40:721 [65312] | INFO  | Requesting new Vulkan instance for API version 1.1.
07:34:40:722 [65312] | INFO  | Redirecting CreateDXGIFactory1(riid = {770AAE78-F26F-4DBA-A829-253C83D1B387}, ppFactory = 0000000000140308) ...
07:34:40:723 [65312] | INFO  | Redirecting CreateDXGIFactory1(riid = {770AAE78-F26F-4DBA-A829-253C83D1B387}, ppFactory = 0000000000140338) ...
07:34:40:725 [65312] | INFO  | Redirecting CreateDXGIFactory1(riid = {770AAE78-F26F-4DBA-A829-253C83D1B387}, ppFactory = 0000000000140338) ...
07:34:40:741 [65312] | INFO  | Redirecting CreateDXGIFactory1(riid = {770AAE78-F26F-4DBA-A829-253C83D1B387}, ppFactory = 000000000013FDE8) ...
07:34:40:744 [65312] | INFO  | Redirecting CreateDXGIFactory1(riid = {770AAE78-F26F-4DBA-A829-253C83D1B387}, ppFactory = 000000000013FDE8) ...
07:34:40:748 [65312] | INFO  | Redirecting CreateDXGIFactory1(riid = {C1B6694F-FF09-44A9-B03C-77900A0A1D17}, ppFactory = 000000000014D828) ...
07:34:40:751 [65312] | INFO  | Redirecting CreateDXGIFactory1(riid = {C1B6694F-FF09-44A9-B03C-77900A0A1D17}, ppFactory = 000000000014D828) ...
07:34:40:754 [65312] | INFO  | Redirecting CreateDXGIFactory1(riid = {C1B6694F-FF09-44A9-B03C-77900A0A1D17}, ppFactory = 000000000014D828) ...
07:34:40:756 [65312] | INFO  | Redirecting CreateDXGIFactory1(riid = {C1B6694F-FF09-44A9-B03C-77900A0A1D17}, ppFactory = 000000000014D828) ...
07:34:40:766 [65312] | INFO  | Redirecting vkDestroyInstance(instance = 000000007FB2FDD0, pAllocator = 0000000000000000) ...
07:34:40:766 [65312] | INFO  | Unloading add-on "DLSS 5 Bridge 1.4.13-pre8-endfield1-vk-fgrelay7" ...
07:34:40:766 [65312] | INFO  | Unloading add-on "DLSS 5 Neural Rendering" ...
07:34:40:789 [65312] | INFO  | Redirecting CreateDXGIFactory1(riid = {770AAE78-F26F-4DBA-A829-253C83D1B387}, ppFactory = 0000000000145668) ...
07:34:40:791 [65312] | INFO  | Redirecting CreateDXGIFactory1(riid = {770AAE78-F26F-4DBA-A829-253C83D1B387}, ppFactory = 0000000000145698) ...
07:34:40:794 [65312] | INFO  | Redirecting CreateDXGIFactory1(riid = {770AAE78-F26F-4DBA-A829-253C83D1B387}, ppFactory = 0000000000145698) ...
07:34:40:796 [65312] | INFO  | Redirecting CreateDXGIFactory1(riid = {770AAE78-F26F-4DBA-A829-253C83D1B387}, ppFactory = 0000000000145408) ...
07:34:40:798 [65312] | INFO  | Redirecting CreateDXGIFactory1(riid = {770AAE78-F26F-4DBA-A829-253C83D1B387}, ppFactory = 0000000000145408) ...
07:34:40:801 [65312] | INFO  | Redirecting CreateDXGIFactory1(riid = {770AAE78-F26F-4DBA-A829-253C83D1B387}, ppFactory = 00000000001487D8) ...
07:34:40:802 [65312] | INFO  | Redirecting CreateDXGIFactory1(riid = {C1B6694F-FF09-44A9-B03C-77900A0A1D17}, ppFactory = 000000000014B1C0) ...
07:34:40:803 [65312] | INFO  | Redirecting vkCreateInstance(pCreateInfo = 000000000014B030, pAllocator = 0000000000000000, pInstance = 000000000014B5B8) ...
07:34:40:803 [65312] | INFO  | > Dumping enabled instance extensions:
07:34:40:803 [65312] | INFO  |   VK_KHR_get_physical_device_properties2
07:34:40:803 [65312] | INFO  |   VK_KHR_external_semaphore_capabilities
07:34:40:803 [65312] | INFO  |   VK_EXT_surface_maintenance1
07:34:40:804 [65312] | INFO  |   VK_KHR_external_memory_capabilities
07:34:40:804 [65312] | INFO  |   VK_KHR_win32_surface
07:34:40:804 [65312] | INFO  |   VK_KHR_surface
07:34:40:804 [65312] | INFO  |   VK_KHR_get_surface_capabilities2
07:34:40:804 [65312] | INFO  | Loading externally registered add-on "DLSS 5 Bridge 1.4.13-pre8-endfield1-vk-fgrelay7" ...
07:34:40:804 [65312] | INFO  | Loading externally registered add-on "DLSS 5 Neural Rendering" ...
07:34:40:804 [65312] | INFO  | Searching for add-ons (*.addon, *.addon64) in 'C:\Program Files\Hypergryph Launcher\games\Endfield Game' ...
07:34:40:804 [65312] | INFO  | Requesting new Vulkan instance for API version 1.3.
07:34:40:805 [65312] | INFO  | Redirecting CreateDXGIFactory1(riid = {770AAE78-F26F-4DBA-A829-253C83D1B387}, ppFactory = 0000000000140B18) ...
07:34:40:808 [65312] | INFO  | Redirecting CreateDXGIFactory1(riid = {770AAE78-F26F-4DBA-A829-253C83D1B387}, ppFactory = 0000000000140B18) ...
07:34:40:811 [70224] | INFO  | Unregistered add-on "DLSS 5 Neural Rendering".
07:34:40:828 [65312] | INFO  | Redirecting CreateDXGIFactory1(riid = {770AAE78-F26F-4DBA-A829-253C83D1B387}, ppFactory = 00000000001405C8) ...
07:34:40:831 [65312] | INFO  | Redirecting CreateDXGIFactory1(riid = {770AAE78-F26F-4DBA-A829-253C83D1B387}, ppFactory = 00000000001405C8) ...
07:34:40:835 [65312] | INFO  | Redirecting CreateDXGIFactory1(riid = {C1B6694F-FF09-44A9-B03C-77900A0A1D17}, ppFactory = 000000000014E698) ...
07:34:40:837 [65312] | INFO  | Redirecting CreateDXGIFactory1(riid = {C1B6694F-FF09-44A9-B03C-77900A0A1D17}, ppFactory = 000000000014E698) ...
07:34:42:020 [65312] | INFO  | Redirecting vkCreateDevice(physicalDevice = 0000000122A51490, pCreateInfo = 000000000014E210, pAllocator = 0000000000000000, pDevice = 000000000014E1E8) ...
07:34:42:020 [65312] | INFO  | > Dumping enabled device extensions:
07:34:42:021 [65312] | INFO  |   VK_KHR_swapchain
07:34:42:021 [65312] | INFO  |   VK_KHR_timeline_semaphore
07:34:42:021 [65312] | INFO  |   VK_KHR_push_descriptor
07:34:42:021 [65312] | INFO  |   VK_NVX_binary_import
07:34:42:021 [65312] | INFO  |   VK_NVX_image_view_handle
07:34:42:021 [65312] | INFO  |   VK_KHR_buffer_device_address
07:34:42:021 [65312] | INFO  |   VK_NV_low_latency
07:34:42:021 [65312] | INFO  |   VK_NV_low_latency2
07:34:42:021 [65312] | INFO  |   VK_NV_optical_flow
07:34:42:021 [65312] | INFO  |   VK_KHR_external_semaphore
07:34:42:021 [65312] | INFO  |   VK_KHR_maintenance4
07:34:42:021 [65312] | INFO  |   VK_KHR_external_memory_win32
07:34:42:021 [65312] | INFO  |   VK_KHR_external_memory
07:34:42:021 [65312] | INFO  |   VK_KHR_external_semaphore_win32
07:34:42:021 [65312] | INFO  |   VK_EXT_swapchain_maintenance1
07:34:42:021 [65312] | INFO  |   VK_KHR_present_wait
07:34:42:021 [65312] | INFO  |   VK_KHR_present_id
07:34:42:021 [65312] | INFO  |   VK_KHR_fragment_shading_rate
07:34:42:021 [65312] | INFO  |   VK_NV_shader_subgroup_partitioned
07:34:42:021 [65312] | INFO  |   VK_EXT_memory_budget
07:34:42:204 [65312] | INFO  | Redirecting CreateDXGIFactory1(riid = {770AAE78-F26F-4DBA-A829-253C83D1B387}, ppFactory = 00000000001422E8) ...
07:34:42:207 [65312] | INFO  | Redirecting CreateDXGIFactory1(riid = {770AAE78-F26F-4DBA-A829-253C83D1B387}, ppFactory = 00000000001422E8) ...
07:34:43:904 [65312] | INFO  | Installing delayed hooks for 'C:\WINDOWS\system32\d3d11.dll' (Just loaded via LoadLibrary('C:\WINDOWS\SYSTEM32\d3d11.dll')) ...
07:34:43:905 [65312] | INFO  | > Found 3 match(es). Installing ...
07:34:44:086 [65312] | INFO  | Redirecting CreateDXGIFactory1(riid = {7B7166EC-21C7-44AE-B21A-C9AE321AE369}, ppFactory = 000000000014F668) ...
07:34:44:095 [65312] | INFO  | Redirecting vkCreateWin32SurfaceKHR(instance = 0000000122A4E910, pCreateInfo = 000000000014F600, pAllocator = 0000000000000000, pSurface = 0000000290138710) ...
07:34:44:105 [65312] | INFO  | Redirecting vkCreateSwapchainKHR(device = 000000002FAA00D0, pCreateInfo = 000000000014F2C0, pAllocator = 0000000000000000, pSwapchain = 0000000290733530) ...
07:34:44:106 [65312] | INFO  | > Dumping swap chain description:
07:34:44:106 [65312] | INFO  |   +-----------------------------------------+-----------------------------------------+
07:34:44:106 [65312] | INFO  |   | Parameter                               | Value                                   |
07:34:44:106 [65312] | INFO  |   +-----------------------------------------+-----------------------------------------+
07:34:44:106 [65312] | INFO  |   | flags                                   | 0x4                                     |
07:34:44:106 [65312] | INFO  |   | surface                                 | 0000000134643590                        |
07:34:44:106 [65312] | INFO  |   | minImageCount                           | 3                                       |
07:34:44:106 [65312] | INFO  |   | imageFormat                             | VK_FORMAT_R8G8B8A8_UNORM                |
07:34:44:106 [65312] | INFO  |   | imageColorSpace                         | VK_COLOR_SPACE_SRGB_NONLINEAR_KHR       |
07:34:44:107 [65312] | INFO  |   | imageExtent                             | 5120                2160                |
07:34:44:107 [65312] | INFO  |   | imageArrayLayers                        | 1                                       |
07:34:44:107 [65312] | INFO  |   | imageUsage                              | 0x1b                                    |
07:34:44:107 [65312] | INFO  |   | imageSharingMode                        | 0                                       |
07:34:44:107 [65312] | INFO  |   | queueFamilyIndexCount                   | 0                                       |
07:34:44:107 [65312] | INFO  |   | preTransform                            | 0x1                                     |
07:34:44:107 [65312] | INFO  |   | compositeAlpha                          | 0x1                                     |
07:34:44:107 [65312] | INFO  |   | presentMode                             | 2                                       |
07:34:44:107 [65312] | INFO  |   | clipped                                 | true                                    |
07:34:44:107 [65312] | INFO  |   | oldSwapchain                            | 0000000000000000                        |
07:34:44:107 [65312] | INFO  |   +-----------------------------------------+-----------------------------------------+
07:34:44:108 [65312] | INFO  | Redirecting CreateDXGIFactory2(Flags = 0, riid = {A4966EED-76DB-44DA-84C1-EE9A7AFB20A8}, ppFactory = 000000002EAD1178) ...
07:34:44:113 [65312] | INFO  | Redirecting CreateDXGIFactory2(Flags = 0x80000000, riid = {1BC6EA02-EF36-464F-BF0C-21CA39E5168A}, ppFactory = 000000000014E3E8) ...
07:34:44:371 [65312] | INFO  | Redirecting CreateDXGIFactory1(riid = {7B7166EC-21C7-44AE-B21A-C9AE321AE369}, ppFactory = 000000000014E7F0) ...
07:34:44:373 [65312] | INFO  | Installing delayed hooks for 'C:\WINDOWS\system32\opengl32.dll' (Just loaded via LoadLibrary('C:\WINDOWS\SYSTEM32\opengl32.dll')) ...
07:34:44:373 [65312] | INFO  | > Found 360 match(es). Installing ...
07:34:44:550 [65312] | INFO  | Running on NVIDIA GeForce RTX 5090 Driver 616.92.
07:34:44:907 [65312] | INFO  | Recreated runtime environment on runtime 0000000170410BD0 ('C:\Program Files\Hypergryph Launcher\games\Endfield Game\ReShade.ini').
07:34:45:158 [65312] | INFO  | Redirecting vkCreateSwapchainKHR(device = 000000002FAA00D0, pCreateInfo = 000000000014F4B0, pAllocator = 0000000000000000, pSwapchain = 000000029073AFD0) ...
07:34:45:159 [65312] | INFO  | > Dumping swap chain description:
07:34:45:159 [65312] | INFO  |   +-----------------------------------------+-----------------------------------------+
07:34:45:159 [65312] | INFO  |   | Parameter                               | Value                                   |
07:34:45:159 [65312] | INFO  |   +-----------------------------------------+-----------------------------------------+
07:34:45:159 [65312] | INFO  |   | flags                                   | 0x4                                     |
07:34:45:159 [65312] | INFO  |   | surface                                 | 0000000134643590                        |
07:34:45:159 [65312] | INFO  |   | minImageCount                           | 3                                       |
07:34:45:159 [65312] | INFO  |   | imageFormat                             | VK_FORMAT_R8G8B8A8_UNORM                |
07:34:45:159 [65312] | INFO  |   | imageColorSpace                         | VK_COLOR_SPACE_SRGB_NONLINEAR_KHR       |
07:34:45:159 [65312] | INFO  |   | imageExtent                             | 5120                2160                |
07:34:45:159 [65312] | INFO  |   | imageArrayLayers                        | 1                                       |
07:34:45:159 [65312] | INFO  |   | imageUsage                              | 0x1b                                    |
07:34:45:159 [65312] | INFO  |   | imageSharingMode                        | 0                                       |
07:34:45:159 [65312] | INFO  |   | queueFamilyIndexCount                   | 0                                       |
07:34:45:159 [65312] | INFO  |   | preTransform                            | 0x1                                     |
07:34:45:159 [65312] | INFO  |   | compositeAlpha                          | 0x1                                     |
07:34:45:160 [65312] | INFO  |   | presentMode                             | 2                                       |
07:34:45:160 [65312] | INFO  |   | clipped                                 | true                                    |
07:34:45:160 [65312] | INFO  |   | oldSwapchain                            | 000000003A5C50D0                        |
07:34:45:160 [65312] | INFO  |   +-----------------------------------------+-----------------------------------------+
07:34:45:165 [65312] | INFO  | Destroyed runtime environment on runtime 0000000170410BD0 ('C:\Program Files\Hypergryph Launcher\games\Endfield Game\ReShade.ini').
07:34:45:171 [65312] | INFO  | Recreated runtime environment on runtime 0000000170410BD0 ('C:\Program Files\Hypergryph Launcher\games\Endfield Game\ReShade.ini').
07:34:45:172 [65312] | INFO  | Redirecting vkDestroySwapchainKHR(device = 000000002FAA00D0, swapchain = 000000003A5C50D0, pAllocator = 0000000000000000) ...
07:34:45:286 [23636] | INFO  | Successfully compiled 'C:\Program Files\Hypergryph Launcher\games\Endfield Game\reshade-shaders\Shaders\Daltonize.fx' in 0.016000 s.
07:34:45:289 [34332] | INFO  | Successfully compiled 'C:\Program Files\Hypergryph Launcher\games\Endfield Game\reshade-shaders\Shaders\SweetFX\Cartoon.fx' in 0.018000 s.
07:34:45:289 [57524] | INFO  | Successfully compiled 'C:\Program Files\Hypergryph Launcher\games\Endfield Game\reshade-shaders\Shaders\DisplayDepth.fx' in 0.019000 s.
07:34:45:290 [44428] | INFO  | Successfully compiled 'C:\Program Files\Hypergryph Launcher\games\Endfield Game\reshade-shaders\Shaders\LUT.fx' in 0.019000 s.
07:34:45:290 [66020] | INFO  | Successfully compiled 'C:\Program Files\Hypergryph Launcher\games\Endfield Game\reshade-shaders\Shaders\SweetFX\Border.fx' in 0.018000 s.
07:34:45:291 [62824] | INFO  | Successfully compiled 'C:\Program Files\Hypergryph Launcher\games\Endfield Game\reshade-shaders\Shaders\SweetFX\DPX.fx' in 0.019000 s.
07:34:45:292 [66776] | INFO  | Successfully compiled 'C:\Program Files\Hypergryph Launcher\games\Endfield Game\reshade-shaders\Shaders\SweetFX\CAS.fx' in 0.019000 s.
07:34:45:292 [70728] | INFO  | Successfully compiled 'C:\Program Files\Hypergryph Launcher\games\Endfield Game\reshade-shaders\Shaders\SweetFX\Curves.fx' in 0.020000 s.
07:34:45:292 [59012] | INFO  | Successfully compiled 'C:\Program Files\Hypergryph Launcher\games\Endfield Game\reshade-shaders\Shaders\SweetFX\FakeHDR.fx' in 0.020000 s.
07:34:45:292 [71576] | INFO  | Successfully compiled 'C:\Program Files\Hypergryph Launcher\games\Endfield Game\reshade-shaders\Shaders\SweetFX\CRT.fx' in 0.021000 s.
07:34:45:292 [ 8996] | INFO  | Successfully compiled 'C:\Program Files\Hypergryph Launcher\games\Endfield Game\reshade-shaders\Shaders\SweetFX\FilmGrain.fx' in 0.020000 s.
07:34:45:293 [13996] | INFO  | Successfully compiled 'C:\Program Files\Hypergryph Launcher\games\Endfield Game\reshade-shaders\Shaders\SweetFX\ASCII.fx' in 0.021000 s.
07:34:45:293 [44656] | INFO  | Successfully compiled 'C:\Program Files\Hypergryph Launcher\games\Endfield Game\reshade-shaders\Shaders\SweetFX\ChromaticAberration.fx' in 0.021000 s.
07:34:45:293 [21716] | INFO  | Successfully compiled 'C:\Program Files\Hypergryph Launcher\games\Endfield Game\reshade-shaders\Shaders\SweetFX\ColorMatrix.fx' in 0.020000 s.
07:34:45:293 [50548] | INFO  | Successfully compiled 'C:\Program Files\Hypergryph Launcher\games\Endfield Game\reshade-shaders\Shaders\SweetFX\Levels.fx' in 0.020000 s.
07:34:45:294 [44024] | INFO  | Successfully compiled 'C:\Program Files\Hypergryph Launcher\games\Endfield Game\reshade-shaders\Shaders\SweetFX\LiftGammaGain.fx' in 0.020000 s.
07:34:45:294 [65312] | INFO  | Redirecting vkCreateSwapchainKHR(device = 000000002FAA00D0, pCreateInfo = 000000000014F1D0, pAllocator = 0000000000000000, pSwapchain = 0000000290733530) ...
07:34:45:294 [65312] | INFO  | > Dumping swap chain description:
07:34:45:295 [65312] | INFO  |   +-----------------------------------------+-----------------------------------------+
07:34:45:295 [54056] | INFO  | Successfully compiled 'C:\Program Files\Hypergryph Launcher\games\Endfield Game\reshade-shaders\Shaders\SweetFX\Monochrome.fx' in 0.020000 s.
07:34:45:295 [65312] | INFO  |   | Parameter                               | Value                                   |
07:34:45:295 [65312] | INFO  |   +-----------------------------------------+-----------------------------------------+
07:34:45:295 [65312] | INFO  |   | flags                                   | 0x4                                     |
07:34:45:295 [65312] | INFO  |   | surface                                 | 0000000134643590                        |
07:34:45:295 [65312] | INFO  |   | minImageCount                           | 3                                       |
07:34:45:295 [61520] | INFO  | Successfully compiled 'C:\Program Files\Hypergryph Launcher\games\Endfield Game\reshade-shaders\Shaders\SweetFX\Sepia.fx' in 0.020000 s.
07:34:45:295 [65716] | INFO  | Successfully compiled 'C:\Program Files\Hypergryph Launcher\games\Endfield Game\reshade-shaders\Shaders\SweetFX\LumaSharpen.fx' in 0.021000 s.
07:34:45:295 [65312] | INFO  |   | imageFormat                             | VK_FORMAT_R8G8B8A8_UNORM                |
07:34:45:295 [24376] | INFO  | Successfully compiled 'C:\Program Files\Hypergryph Launcher\games\Endfield Game\reshade-shaders\Shaders\SweetFX\Technicolor.fx' in 0.019000 s.
07:34:45:296 [65312] | INFO  |   | imageColorSpace                         | VK_COLOR_SPACE_SRGB_NONLINEAR_KHR       |
07:34:45:296 [65312] | INFO  |   | imageExtent                             | 5120                2160                |
07:34:45:296 [65312] | INFO  |   | imageArrayLayers                        | 1                                       |
07:34:45:296 [65312] | INFO  |   | imageUsage                              | 0x1b                                    |
07:34:45:296 [65312] | INFO  |   | imageSharingMode                        | 0                                       |
07:34:45:296 [57804] | INFO  | Successfully compiled 'C:\Program Files\Hypergryph Launcher\games\Endfield Game\reshade-shaders\Shaders\SweetFX\Nostalgia.fx' in 0.021000 s.
07:34:45:296 [38440] | INFO  | Successfully compiled 'C:\Program Files\Hypergryph Launcher\games\Endfield Game\reshade-shaders\Shaders\SweetFX\Tonemap.fx' in 0.019000 s.
07:34:45:296 [35088] | INFO  | Successfully compiled 'C:\Program Files\Hypergryph Launcher\games\Endfield Game\reshade-shaders\Shaders\SweetFX\Technicolor2.fx' in 0.019000 s.
07:34:45:296 [45096] | INFO  | Successfully compiled 'C:\Program Files\Hypergryph Launcher\games\Endfield Game\reshade-shaders\Shaders\SweetFX\Vibrance.fx' in 0.019000 s.
07:34:45:296 [65312] | INFO  |   | queueFamilyIndexCount                   | 0                                       |
07:34:45:297 [65312] | INFO  |   | preTransform                            | 0x1                                     |
07:34:45:297 [65312] | INFO  |   | compositeAlpha                          | 0x1                                     |
07:34:45:296 [42100] | INFO  | Successfully compiled 'C:\Program Files\Hypergryph Launcher\games\Endfield Game\vk-present-adapter-effects\AdapterEvents.fx' in 0.018000 s.
07:34:45:296 [67092] | INFO  | Successfully compiled 'C:\Program Files\Hypergryph Launcher\games\Endfield Game\reshade-shaders\Shaders\SweetFX\Vignette.fx' in 0.019000 s.
07:34:45:297 [65312] | INFO  |   | presentMode                             | 2                                       |
07:34:45:297 [65312] | INFO  |   | clipped                                 | true                                    |
07:34:45:297 [65312] | INFO  |   | oldSwapchain                            | 000000003A5C5AD0                        |
07:34:45:297 [65312] | INFO  |   +-----------------------------------------+-----------------------------------------+
07:34:45:298 [72056] | INFO  | Successfully compiled 'C:\Program Files\Hypergryph Launcher\games\Endfield Game\reshade-shaders\Shaders\SweetFX\Splitscreen.fx' in 0.022000 s.
07:34:45:298 [52444] | INFO  | Successfully compiled 'C:\Program Files\Hypergryph Launcher\games\Endfield Game\reshade-shaders\Shaders\SweetFX\Compare.fx' in 0.027000 s.
07:34:45:298 [43672] | INFO  | Successfully compiled 'C:\Program Files\Hypergryph Launcher\games\Endfield Game\reshade-shaders\Shaders\SweetFX\FXAA.fx' in 0.025000 s.
07:34:45:298 [68452] | INFO  | Successfully compiled 'C:\Program Files\Hypergryph Launcher\games\Endfield Game\reshade-shaders\Shaders\UIMask.fx' in 0.020000 s.
07:34:45:298 [23636] | INFO  | Successfully compiled 'C:\Program Files\Hypergryph Launcher\games\Endfield Game\reshade-shaders\Shaders\Deband.fx' in 0.011000 s.
07:34:45:301 [45720] | INFO  | Successfully compiled 'C:\Program Files\Hypergryph Launcher\games\Endfield Game\reshade-shaders\Shaders\SweetFX\SMAA.fx' in 0.025000 s.
07:34:45:307 [65312] | INFO  | Destroyed runtime environment on runtime 0000000170410BD0 ('C:\Program Files\Hypergryph Launcher\games\Endfield Game\ReShade.ini').
07:34:45:313 [65312] | INFO  | Recreated runtime environment on runtime 0000000170410BD0 ('C:\Program Files\Hypergryph Launcher\games\Endfield Game\ReShade.ini').
07:34:45:313 [65312] | INFO  | Redirecting vkDestroySwapchainKHR(device = 000000002FAA00D0, swapchain = 000000003A5C5AD0, pAllocator = 0000000000000000) ...
07:34:45:553 [65312] | INFO  | Redirecting CreateDXGIFactory1(riid = {7B7166EC-21C7-44AE-B21A-C9AE321AE369}, ppFactory = 000000000014E998) ...
07:34:45:554 [65312] | INFO  | Redirecting CreateDXGIFactory1(riid = {7B7166EC-21C7-44AE-B21A-C9AE321AE369}, ppFactory = 000000000014E998) ...
07:34:45:555 [65312] | INFO  | Redirecting CreateDXGIFactory1(riid = {7B7166EC-21C7-44AE-B21A-C9AE321AE369}, ppFactory = 000000000014E998) ...
07:34:45:556 [65312] | INFO  | Redirecting CreateDXGIFactory1(riid = {7B7166EC-21C7-44AE-B21A-C9AE321AE369}, ppFactory = 000000000014E998) ...
07:34:45:557 [65312] | INFO  | Redirecting CreateDXGIFactory1(riid = {7B7166EC-21C7-44AE-B21A-C9AE321AE369}, ppFactory = 000000000014E998) ...
07:34:45:558 [65312] | INFO  | Redirecting CreateDXGIFactory1(riid = {7B7166EC-21C7-44AE-B21A-C9AE321AE369}, ppFactory = 000000000014E998) ...
07:34:45:802 [18296] | INFO  | Redirecting CreateDXGIFactory1(riid = {7B7166EC-21C7-44AE-B21A-C9AE321AE369}, ppFactory = 000000017FC4E898) ...
07:34:45:804 [18296] | INFO  | Redirecting CreateDXGIFactory1(riid = {7B7166EC-21C7-44AE-B21A-C9AE321AE369}, ppFactory = 000000017FC4E898) ...
07:34:45:805 [18296] | INFO  | Redirecting CreateDXGIFactory1(riid = {7B7166EC-21C7-44AE-B21A-C9AE321AE369}, ppFactory = 000000017FC4E898) ...
07:34:45:806 [18296] | INFO  | Redirecting CreateDXGIFactory1(riid = {7B7166EC-21C7-44AE-B21A-C9AE321AE369}, ppFactory = 000000017FC4E898) ...
07:34:45:808 [18296] | INFO  | Redirecting CreateDXGIFactory1(riid = {7B7166EC-21C7-44AE-B21A-C9AE321AE369}, ppFactory = 000000017FC4E898) ...
07:34:45:808 [18296] | INFO  | Redirecting CreateDXGIFactory1(riid = {7B7166EC-21C7-44AE-B21A-C9AE321AE369}, ppFactory = 000000017FC4E898) ...
07:34:46:539 [70148] | INFO  | Redirecting CreateDXGIFactory1(riid = {7B7166EC-21C7-44AE-B21A-C9AE321AE369}, ppFactory = 000000017F79FA78) ...
07:34:46:541 [70148] | INFO  | Redirecting D3D12CreateDevice(pAdapter = 0000000000000000, MinimumFeatureLevel = c000, riid = {189819F1-1DB6-4B57-BE54-1821339B85F7}, ppDevice = 000000017F79FAE8) ...
07:34:46:541 [70148] | INFO  | Redirecting CreateDXGIFactory2(Flags = 0x80000000, riid = {1BC6EA02-EF36-464F-BF0C-21CA39E5168A}, ppFactory = 000000017F79F478) ...
07:34:46:543 [67128] | INFO  | Successfully compiled 'C:\Program Files\Hypergryph Launcher\games\Endfield Game\reshade-shaders\Shaders\Daltonize.fx' in 0.000000 s.
07:34:46:544 [17124] | INFO  | Successfully compiled 'C:\Program Files\Hypergryph Launcher\games\Endfield Game\reshade-shaders\Shaders\DisplayDepth.fx' in 0.001000 s.
07:34:46:544 [52288] | INFO  | Successfully compiled 'C:\Program Files\Hypergryph Launcher\games\Endfield Game\reshade-shaders\Shaders\LUT.fx' in 0.000000 s.
07:34:46:544 [70148] | WARN  | Reference count for ID3D12Device0 object 00000004F595E2E0 (000000013C6065F0) is inconsistent (20).
07:34:46:544 [67128] | INFO  | Successfully compiled 'C:\Program Files\Hypergryph Launcher\games\Endfield Game\reshade-shaders\Shaders\Deband.fx' in 0.001000 s.
07:34:46:544 [ 4796] | INFO  | Successfully compiled 'C:\Program Files\Hypergryph Launcher\games\Endfield Game\reshade-shaders\Shaders\SweetFX\Border.fx' in 0.000000 s.
07:34:46:544 [68884] | INFO  | Successfully compiled 'C:\Program Files\Hypergryph Launcher\games\Endfield Game\reshade-shaders\Shaders\SweetFX\ASCII.fx' in 0.001000 s.
07:34:46:545 [59448] | INFO  | Successfully compiled 'C:\Program Files\Hypergryph Launcher\games\Endfield Game\reshade-shaders\Shaders\SweetFX\Cartoon.fx' in 0.001000 s.
07:34:46:545 [32528] | INFO  | Successfully compiled 'C:\Program Files\Hypergryph Launcher\games\Endfield Game\reshade-shaders\Shaders\SweetFX\ChromaticAberration.fx' in 0.000000 s.
07:34:46:546 [16820] | INFO  | Successfully compiled 'C:\Program Files\Hypergryph Launcher\games\Endfield Game\reshade-shaders\Shaders\SweetFX\CAS.fx' in 0.001000 s.
07:34:46:546 [42700] | INFO  | Successfully compiled 'C:\Program Files\Hypergryph Launcher\games\Endfield Game\reshade-shaders\Shaders\SweetFX\ColorMatrix.fx' in 0.000000 s.
07:34:46:546 [70308] | INFO  | Successfully compiled 'C:\Program Files\Hypergryph Launcher\games\Endfield Game\reshade-shaders\Shaders\SweetFX\Compare.fx' in 0.001000 s.
07:34:46:547 [67892] | INFO  | Successfully compiled 'C:\Program Files\Hypergryph Launcher\games\Endfield Game\reshade-shaders\Shaders\SweetFX\DPX.fx' in 0.000000 s.
07:34:46:547 [51100] | INFO  | Successfully compiled 'C:\Program Files\Hypergryph Launcher\games\Endfield Game\reshade-shaders\Shaders\SweetFX\CRT.fx' in 0.001000 s.
07:34:46:547 [55664] | INFO  | Successfully compiled 'C:\Program Files\Hypergryph Launcher\games\Endfield Game\reshade-shaders\Shaders\SweetFX\Curves.fx' in 0.001000 s.
07:34:46:548 [68820] | INFO  | Successfully compiled 'C:\Program Files\Hypergryph Launcher\games\Endfield Game\reshade-shaders\Shaders\SweetFX\FakeHDR.fx' in 0.001000 s.
07:34:46:548 [21748] | INFO  | Successfully compiled 'C:\Program Files\Hypergryph Launcher\games\Endfield Game\reshade-shaders\Shaders\SweetFX\FilmGrain.fx' in 0.000000 s.
07:34:46:549 [49888] | INFO  | Successfully compiled 'C:\Program Files\Hypergryph Launcher\games\Endfield Game\reshade-shaders\Shaders\SweetFX\Levels.fx' in 0.000000 s.
07:34:46:549 [72428] | INFO  | Successfully compiled 'C:\Program Files\Hypergryph Launcher\games\Endfield Game\reshade-shaders\Shaders\SweetFX\LiftGammaGain.fx' in 0.000000 s.
07:34:46:549 [71448] | INFO  | Successfully compiled 'C:\Program Files\Hypergryph Launcher\games\Endfield Game\reshade-shaders\Shaders\SweetFX\Monochrome.fx' in 0.000000 s.
07:34:46:550 [49412] | INFO  | Successfully compiled 'C:\Program Files\Hypergryph Launcher\games\Endfield Game\reshade-shaders\Shaders\SweetFX\LumaSharpen.fx' in 0.000000 s.
07:34:46:550 [57784] | INFO  | Successfully compiled 'C:\Program Files\Hypergryph Launcher\games\Endfield Game\reshade-shaders\Shaders\SweetFX\Sepia.fx' in 0.000000 s.
07:34:46:550 [43076] | INFO  | Successfully compiled 'C:\Program Files\Hypergryph Launcher\games\Endfield Game\reshade-shaders\Shaders\SweetFX\FXAA.fx' in 0.003000 s.
07:34:46:551 [60436] | INFO  | Successfully compiled 'C:\Program Files\Hypergryph Launcher\games\Endfield Game\reshade-shaders\Shaders\SweetFX\Splitscreen.fx' in 0.001000 s.
07:34:46:551 [18412] | INFO  | Successfully compiled 'C:\Program Files\Hypergryph Launcher\games\Endfield Game\reshade-shaders\Shaders\SweetFX\Technicolor.fx' in 0.000000 s.
07:34:46:551 [50872] | INFO  | Successfully compiled 'C:\Program Files\Hypergryph Launcher\games\Endfield Game\reshade-shaders\Shaders\SweetFX\Technicolor2.fx' in 0.000000 s.
07:34:46:552 [66012] | INFO  | Successfully compiled 'C:\Program Files\Hypergryph Launcher\games\Endfield Game\reshade-shaders\Shaders\SweetFX\Nostalgia.fx' in 0.002000 s.
07:34:46:552 [38112] | INFO  | Successfully compiled 'C:\Program Files\Hypergryph Launcher\games\Endfield Game\reshade-shaders\Shaders\SweetFX\Tonemap.fx' in 0.001000 s.
07:34:46:553 [66324] | INFO  | Successfully compiled 'C:\Program Files\Hypergryph Launcher\games\Endfield Game\reshade-shaders\Shaders\SweetFX\Vibrance.fx' in 0.000000 s.
07:34:46:553 [23748] | INFO  | Successfully compiled 'C:\Program Files\Hypergryph Launcher\games\Endfield Game\reshade-shaders\Shaders\SweetFX\SMAA.fx' in 0.003000 s.
07:34:46:553 [19852] | INFO  | Successfully compiled 'C:\Program Files\Hypergryph Launcher\games\Endfield Game\reshade-shaders\Shaders\UIMask.fx' in 0.000000 s.
07:34:46:553 [32380] | INFO  | Successfully compiled 'C:\Program Files\Hypergryph Launcher\games\Endfield Game\reshade-shaders\Shaders\SweetFX\Vignette.fx' in 0.001000 s.
07:34:46:553 [54128] | INFO  | Successfully compiled 'C:\Program Files\Hypergryph Launcher\games\Endfield Game\vk-present-adapter-effects\AdapterEvents.fx' in 0.000000 s.
07:34:46:553 [43076] | INFO  | Successfully compiled 'C:\Program Files\Hypergryph Launcher\games\Endfield Game\reshade-shaders\Shaders\SweetFX\Layer.fx' in 0.002000 s.
07:34:50:536 [42956] | INFO  | Redirecting RegisterClassExW(lpWndClassEx = 00000025ECBAF3E0 { "Qt5158PowerDummyWindow", style = 0 }) ...
07:34:50:537 [42956] | INFO  | Redirecting RegisterClassExW(lpWndClassEx = 00000025ECBAF3E0 { "Qt5158ClipboardView", style = 0 }) ...
07:34:50:539 [42956] | INFO  | Redirecting RegisterClassW(lpWndClass = 00000025ECBAF8F0 { "QEventDispatcherWin32_Internal_Widget140708658596656", style = 0 }) ...
07:34:50:542 [42956] | INFO  | Redirecting D3D11CreateDevice(pAdapter = 0000000000000000, DriverType = 1, Software = 0000000000000000, Flags = 0, pFeatureLevels = 0000000005F41080, FeatureLevels = 4, SDKVersion = 7, ppDevice = 00000004FC459BF8, pFeatureLevel = 00000004FC459C00, ppImmediateContext = 00000004FC459C38) ...
07:34:50:542 [42956] | INFO  | > Passing on to D3D11CreateDeviceAndSwapChain:
07:34:50:542 [42956] | INFO  | Redirecting D3D11CreateDeviceAndSwapChain(pAdapter = 0000000000000000, DriverType = 1, Software = 0000000000000000, Flags = 0, pFeatureLevels = 0000000005F41080, FeatureLevels = 4, SDKVersion = 7, pSwapChainDesc = 0000000000000000, ppSwapChain = 0000000000000000, ppDevice = 00000004FC459BF8, pFeatureLevel = 00000004FC459C00, ppImmediateContext = 00000004FC459C38) ...
07:34:50:543 [42956] | INFO  | Redirecting CreateDXGIFactory2(Flags = 0x80000000, riid = {7B7166EC-21C7-44AE-B21A-C9AE321AE369}, ppFactory = 00000025ECBAE498) ...
07:34:50:576 [42956] | INFO  | Using feature level b100.
07:34:50:682 [63076] | INFO  | Installing delayed hooks for 'C:\WINDOWS\system32\d2d1.dll' (Just loaded via LoadLibrary('C:\WINDOWS\SYSTEM32\d2d1.dll')) ...
07:34:50:682 [63076] | INFO  | > Found 2 match(es). Installing ...
07:34:50:780 [63076] | INFO  | Redirecting D2D1CreateFactory(factoryType = 1, riid = {06152247-6F50-465A-9245-118BFD3B6007}, pFactoryOptions = 0000000000000000, ppIFactory = 00007FFA29CA75C0) ...
07:34:51:371 [42956] | INFO  | Redirecting RegisterClassExW(lpWndClassEx = 00000025ECBAB890 { "Qt5158QWindowIcon", style = 0x8 }) ...
07:34:51:371 [42956] | INFO  | > Adding 'CS_OWNDC' window class style flag to "Qt5158QWindowIcon".
07:34:51:372 [42956] | INFO  | Redirecting Direct3DCreate9(SDKVersion = 0x20) ...
07:34:51:440 [42956] | INFO  | Redirecting RegisterClassW(lpWndClass = 00000025ECBAC5B0 { "SDLHelperWindowInputCatcher", style = 0 }) ...
07:34:51:444 [42956] | INFO  | Redirecting RegisterClassExA(lpWndClassEx = 00007FF9902825C8 { "SDL_HIDAPI_DEVICE_DETECTION", style = 0 }) ...
07:34:51:450 [42956] | INFO  | Installing delayed hooks for 'C:\WINDOWS\system32\dinput8.dll' (Just loaded via LoadLibrary('C:\Windows\System32\dinput8.dll')) ...
07:34:51:450 [42956] | INFO  | > Found 2 match(es). Installing ...
07:34:51:655 [42956] | INFO  | Redirecting RegisterClassExW(lpWndClassEx = 00007FF9902828F8 { "Message", style = 0 }) ...
07:34:51:659 [42956] | INFO  | Redirecting CreateDXGIFactory1(riid = {770AAE78-F26F-4DBA-A829-253C83D1B387}, ppFactory = 00000025ECBAB4F0) ...
07:35:00:674 [65312] | INFO  | Redirecting vkCreateSwapchainKHR(device = 000000002FAA00D0, pCreateInfo = 000000000013C7D0, pAllocator = 0000000000000000, pSwapchain = 00000002923D2600) ...
07:35:00:676 [65312] | INFO  | > Dumping swap chain description:
07:35:00:676 [65312] | INFO  |   +-----------------------------------------+-----------------------------------------+
07:35:00:676 [65312] | INFO  |   | Parameter                               | Value                                   |
07:35:00:677 [65312] | INFO  |   +-----------------------------------------+-----------------------------------------+
07:35:00:677 [65312] | INFO  |   | flags                                   | 0x4                                     |
07:35:00:677 [65312] | INFO  |   | surface                                 | 0000000134643590                        |
07:35:00:677 [65312] | INFO  |   | minImageCount                           | 6                                       |
07:35:00:677 [65312] | INFO  |   | imageFormat                             | VK_FORMAT_R8G8B8A8_UNORM                |
07:35:00:677 [65312] | INFO  |   | imageColorSpace                         | VK_COLOR_SPACE_SRGB_NONLINEAR_KHR       |
07:35:00:677 [65312] | INFO  |   | imageExtent                             | 5120                2160                |
07:35:00:677 [65312] | INFO  |   | imageArrayLayers                        | 1                                       |
07:35:00:678 [65312] | INFO  |   | imageUsage                              | 0x1b                                    |
07:35:00:678 [65312] | INFO  |   | imageSharingMode                        | 0                                       |
07:35:00:678 [65312] | INFO  |   | queueFamilyIndexCount                   | 0                                       |
07:35:00:678 [65312] | INFO  |   | preTransform                            | 0x1                                     |
07:35:00:679 [65312] | INFO  |   | compositeAlpha                          | 0x1                                     |
07:35:00:679 [65312] | INFO  |   | presentMode                             | 2                                       |
07:35:00:679 [65312] | INFO  |   | clipped                                 | true                                    |
07:35:00:680 [65312] | INFO  |   | oldSwapchain                            | 000000003A5C6ED0                        |
07:35:00:680 [65312] | INFO  |   +-----------------------------------------+-----------------------------------------+
07:35:00:688 [65312] | INFO  | Destroyed runtime environment on runtime 0000000170410BD0 ('C:\Program Files\Hypergryph Launcher\games\Endfield Game\ReShade.ini').
07:35:00:696 [65312] | INFO  | Recreated runtime environment on runtime 0000000170410BD0 ('C:\Program Files\Hypergryph Launcher\games\Endfield Game\ReShade.ini').
07:35:00:697 [65312] | INFO  | Redirecting vkDestroySwapchainKHR(device = 000000002FAA00D0, swapchain = 000000003A5C6ED0, pAllocator = 0000000000000000) ...
07:35:00:744 [40204] | INFO  | Successfully compiled 'C:\Program Files\Hypergryph Launcher\games\Endfield Game\reshade-shaders\Shaders\Daltonize.fx' in 0.000000 s.
07:35:00:745 [72556] | INFO  | Successfully compiled 'C:\Program Files\Hypergryph Launcher\games\Endfield Game\reshade-shaders\Shaders\DisplayDepth.fx' in 0.001000 s.
07:35:00:745 [44544] | INFO  | Successfully compiled 'C:\Program Files\Hypergryph Launcher\games\Endfield Game\reshade-shaders\Shaders\LUT.fx' in 0.000000 s.
07:35:00:745 [40204] | INFO  | Successfully compiled 'C:\Program Files\Hypergryph Launcher\games\Endfield Game\reshade-shaders\Shaders\Deband.fx' in 0.001000 s.
07:35:00:746 [65996] | INFO  | Successfully compiled 'C:\Program Files\Hypergryph Launcher\games\Endfield Game\reshade-shaders\Shaders\SweetFX\Border.fx' in 0.000000 s.
07:35:00:746 [37616] | INFO  | Successfully compiled 'C:\Program Files\Hypergryph Launcher\games\Endfield Game\reshade-shaders\Shaders\SweetFX\ASCII.fx' in 0.001000 s.
07:35:00:746 [39484] | INFO  | Successfully compiled 'C:\Program Files\Hypergryph Launcher\games\Endfield Game\reshade-shaders\Shaders\SweetFX\Cartoon.fx' in 0.001000 s.
07:35:00:747 [68912] | INFO  | Successfully compiled 'C:\Program Files\Hypergryph Launcher\games\Endfield Game\reshade-shaders\Shaders\SweetFX\CAS.fx' in 0.000000 s.
07:35:00:747 [41348] | INFO  | Successfully compiled 'C:\Program Files\Hypergryph Launcher\games\Endfield Game\reshade-shaders\Shaders\SweetFX\ChromaticAberration.fx' in 0.000000 s.
07:35:00:748 [36788] | INFO  | Successfully compiled 'C:\Program Files\Hypergryph Launcher\games\Endfield Game\reshade-shaders\Shaders\SweetFX\ColorMatrix.fx' in 0.000000 s.
07:35:00:749 [38152] | INFO  | Successfully compiled 'C:\Program Files\Hypergryph Launcher\games\Endfield Game\reshade-shaders\Shaders\SweetFX\Compare.fx' in 0.001000 s.
07:35:00:749 [65824] | INFO  | Successfully compiled 'C:\Program Files\Hypergryph Launcher\games\Endfield Game\reshade-shaders\Shaders\SweetFX\Curves.fx' in 0.000000 s.
07:35:00:749 [70500] | INFO  | Successfully compiled 'C:\Program Files\Hypergryph Launcher\games\Endfield Game\reshade-shaders\Shaders\SweetFX\CRT.fx' in 0.001000 s.
07:35:00:749 [26368] | INFO  | Successfully compiled 'C:\Program Files\Hypergryph Launcher\games\Endfield Game\reshade-shaders\Shaders\SweetFX\DPX.fx' in 0.000000 s.
07:35:00:750 [68560] | INFO  | Successfully compiled 'C:\Program Files\Hypergryph Launcher\games\Endfield Game\reshade-shaders\Shaders\SweetFX\FakeHDR.fx' in 0.000000 s.
07:35:00:751 [37172] | INFO  | Successfully compiled 'C:\Program Files\Hypergryph Launcher\games\Endfield Game\reshade-shaders\Shaders\SweetFX\FilmGrain.fx' in 0.000000 s.
07:35:00:751 [70504] | INFO  | Successfully compiled 'C:\Program Files\Hypergryph Launcher\games\Endfield Game\reshade-shaders\Shaders\SweetFX\Levels.fx' in 0.000000 s.
07:35:00:752 [51368] | INFO  | Successfully compiled 'C:\Program Files\Hypergryph Launcher\games\Endfield Game\reshade-shaders\Shaders\SweetFX\LiftGammaGain.fx' in 0.000000 s.
07:35:00:752 [23804] | INFO  | Successfully compiled 'C:\Program Files\Hypergryph Launcher\games\Endfield Game\reshade-shaders\Shaders\SweetFX\LumaSharpen.fx' in 0.000000 s.
07:35:00:752 [57220] | INFO  | Successfully compiled 'C:\Program Files\Hypergryph Launcher\games\Endfield Game\reshade-shaders\Shaders\SweetFX\FXAA.fx' in 0.002000 s.
07:35:00:753 [26252] | INFO  | Successfully compiled 'C:\Program Files\Hypergryph Launcher\games\Endfield Game\reshade-shaders\Shaders\SweetFX\Monochrome.fx' in 0.000000 s.
07:35:00:754 [53508] | INFO  | Successfully compiled 'C:\Program Files\Hypergryph Launcher\games\Endfield Game\reshade-shaders\Shaders\SweetFX\Sepia.fx' in 0.000000 s.
07:35:00:754 [57220] | INFO  | Successfully compiled 'C:\Program Files\Hypergryph Launcher\games\Endfield Game\reshade-shaders\Shaders\SweetFX\Layer.fx' in 0.000000 s.
07:35:00:754 [69564] | INFO  | Successfully compiled 'C:\Program Files\Hypergryph Launcher\games\Endfield Game\reshade-shaders\Shaders\SweetFX\Nostalgia.fx' in 0.001000 s.
07:35:00:755 [67032] | INFO  | Successfully compiled 'C:\Program Files\Hypergryph Launcher\games\Endfield Game\reshade-shaders\Shaders\SweetFX\Splitscreen.fx' in 0.000000 s.
07:35:00:755 [64648] | INFO  | Successfully compiled 'C:\Program Files\Hypergryph Launcher\games\Endfield Game\reshade-shaders\Shaders\SweetFX\Technicolor.fx' in 0.000000 s.
07:35:00:756 [49208] | INFO  | Successfully compiled 'C:\Program Files\Hypergryph Launcher\games\Endfield Game\reshade-shaders\Shaders\SweetFX\Technicolor2.fx' in 0.000000 s.
07:35:00:756 [58708] | INFO  | Successfully compiled 'C:\Program Files\Hypergryph Launcher\games\Endfield Game\reshade-shaders\Shaders\SweetFX\Tonemap.fx' in 0.000000 s.
07:35:00:756 [71700] | INFO  | Successfully compiled 'C:\Program Files\Hypergryph Launcher\games\Endfield Game\reshade-shaders\Shaders\SweetFX\Vibrance.fx' in 0.000000 s.
07:35:00:757 [55168] | INFO  | Successfully compiled 'C:\Program Files\Hypergryph Launcher\games\Endfield Game\reshade-shaders\Shaders\SweetFX\Vignette.fx' in 0.000000 s.
07:35:00:758 [51600] | INFO  | Successfully compiled 'C:\Program Files\Hypergryph Launcher\games\Endfield Game\reshade-shaders\Shaders\SweetFX\SMAA.fx' in 0.004000 s.
07:35:00:758 [69192] | INFO  | Successfully compiled 'C:\Program Files\Hypergryph Launcher\games\Endfield Game\reshade-shaders\Shaders\UIMask.fx' in 0.001000 s.
07:35:00:758 [67656] | INFO  | Successfully compiled 'C:\Program Files\Hypergryph Launcher\games\Endfield Game\vk-present-adapter-effects\AdapterEvents.fx' in 0.000000 s.
07:35:00:777 [65312] | INFO  | Redirecting vkCreateSwapchainKHR(device = 000000002FAA00D0, pCreateInfo = 000000000014F1A0, pAllocator = 0000000000000000, pSwapchain = 0000000292C3A280) ...
07:35:00:777 [65312] | INFO  | > Dumping swap chain description:
07:35:00:777 [65312] | INFO  |   +-----------------------------------------+-----------------------------------------+
07:35:00:777 [65312] | INFO  |   | Parameter                               | Value                                   |
07:35:00:777 [65312] | INFO  |   +-----------------------------------------+-----------------------------------------+
07:35:00:778 [65312] | INFO  |   | flags                                   | 0x4                                     |
07:35:00:778 [65312] | INFO  |   | surface                                 | 0000000134643590                        |
07:35:00:778 [65312] | INFO  |   | minImageCount                           | 6                                       |
07:35:00:778 [65312] | INFO  |   | imageFormat                             | VK_FORMAT_R8G8B8A8_UNORM                |
07:35:00:778 [65312] | INFO  |   | imageColorSpace                         | VK_COLOR_SPACE_SRGB_NONLINEAR_KHR       |
07:35:00:778 [65312] | INFO  |   | imageExtent                             | 5120                2160                |
07:35:00:778 [65312] | INFO  |   | imageArrayLayers                        | 1                                       |
07:35:00:778 [65312] | INFO  |   | imageUsage                              | 0x1b                                    |
07:35:00:778 [65312] | INFO  |   | imageSharingMode                        | 0                                       |
07:35:00:778 [65312] | INFO  |   | queueFamilyIndexCount                   | 0                                       |
07:35:00:778 [65312] | INFO  |   | preTransform                            | 0x1                                     |
07:35:00:778 [65312] | INFO  |   | compositeAlpha                          | 0x1                                     |
07:35:00:778 [65312] | INFO  |   | presentMode                             | 0                                       |
07:35:00:778 [65312] | INFO  |   | clipped                                 | true                                    |
07:35:00:778 [65312] | INFO  |   | oldSwapchain                            | 000000003A5CF0D0                        |
07:35:00:778 [65312] | INFO  |   +-----------------------------------------+-----------------------------------------+
07:35:00:786 [65312] | INFO  | Destroyed runtime environment on runtime 0000000170410BD0 ('C:\Program Files\Hypergryph Launcher\games\Endfield Game\ReShade.ini').
07:35:00:797 [65312] | INFO  | Recreated runtime environment on runtime 0000000170410BD0 ('C:\Program Files\Hypergryph Launcher\games\Endfield Game\ReShade.ini').
07:35:00:798 [65312] | INFO  | Redirecting vkDestroySwapchainKHR(device = 000000002FAA00D0, swapchain = 000000003A5CF0D0, pAllocator = 0000000000000000) ...
07:35:00:808 [65312] | INFO  | Redirecting vkCreateSwapchainKHR(device = 000000002FAA00D0, pCreateInfo = 000000000014F160, pAllocator = 0000000000000000, pSwapchain = 00000002923D2780) ...
07:35:00:809 [65312] | INFO  | > Dumping swap chain description:
07:35:00:809 [65312] | INFO  |   +-----------------------------------------+-----------------------------------------+
07:35:00:809 [65312] | INFO  |   | Parameter                               | Value                                   |
07:35:00:809 [65312] | INFO  |   +-----------------------------------------+-----------------------------------------+
07:35:00:809 [65312] | INFO  |   | flags                                   | 0x4                                     |
07:35:00:809 [65312] | INFO  |   | surface                                 | 0000000134643590                        |
07:35:00:809 [65312] | INFO  |   | minImageCount                           | 6                                       |
07:35:00:809 [65312] | INFO  |   | imageFormat                             | VK_FORMAT_R8G8B8A8_UNORM                |
07:35:00:809 [65312] | INFO  |   | imageColorSpace                         | VK_COLOR_SPACE_SRGB_NONLINEAR_KHR       |
07:35:00:809 [65312] | INFO  |   | imageExtent                             | 5120                2160                |
07:35:00:809 [65312] | INFO  |   | imageArrayLayers                        | 1                                       |
07:35:00:809 [65312] | INFO  |   | imageUsage                              | 0x1b                                    |
07:35:00:809 [65312] | INFO  |   | imageSharingMode                        | 0                                       |
07:35:00:809 [65312] | INFO  |   | queueFamilyIndexCount                   | 0                                       |
07:35:00:809 [65312] | INFO  |   | preTransform                            | 0x1                                     |
07:35:00:810 [65312] | INFO  |   | compositeAlpha                          | 0x1                                     |
07:35:00:810 [65312] | INFO  |   | presentMode                             | 0                                       |
07:35:00:810 [65312] | INFO  |   | clipped                                 | true                                    |
07:35:00:810 [65312] | INFO  |   | oldSwapchain                            | 000000003E2E00D0                        |
07:35:00:810 [65312] | INFO  |   +-----------------------------------------+-----------------------------------------+
07:35:00:816 [65312] | INFO  | Destroyed runtime environment on runtime 0000000170410BD0 ('C:\Program Files\Hypergryph Launcher\games\Endfield Game\ReShade.ini').
07:35:00:824 [65312] | INFO  | Recreated runtime environment on runtime 0000000170410BD0 ('C:\Program Files\Hypergryph Launcher\games\Endfield Game\ReShade.ini').
07:35:00:825 [65312] | INFO  | Redirecting vkDestroySwapchainKHR(device = 000000002FAA00D0, swapchain = 000000003E2E00D0, pAllocator = 0000000000000000) ...
07:35:00:890 [65956] | INFO  | Successfully compiled 'C:\Program Files\Hypergryph Launcher\games\Endfield Game\reshade-shaders\Shaders\Daltonize.fx' in 0.000000 s.
07:35:00:890 [69468] | INFO  | Successfully compiled 'C:\Program Files\Hypergryph Launcher\games\Endfield Game\reshade-shaders\Shaders\DisplayDepth.fx' in 0.000000 s.
07:35:00:891 [72408] | INFO  | Successfully compiled 'C:\Program Files\Hypergryph Launcher\games\Endfield Game\reshade-shaders\Shaders\LUT.fx' in 0.000000 s.
07:35:00:892 [45780] | INFO  | Successfully compiled 'C:\Program Files\Hypergryph Launcher\games\Endfield Game\reshade-shaders\Shaders\SweetFX\Border.fx' in 0.000000 s.
07:35:00:892 [65956] | INFO  | Successfully compiled 'C:\Program Files\Hypergryph Launcher\games\Endfield Game\reshade-shaders\Shaders\Deband.fx' in 0.001000 s.
07:35:00:892 [71008] | INFO  | Successfully compiled 'C:\Program Files\Hypergryph Launcher\games\Endfield Game\reshade-shaders\Shaders\SweetFX\ASCII.fx' in 0.001000 s.
07:35:00:892 [49484] | INFO  | Successfully compiled 'C:\Program Files\Hypergryph Launcher\games\Endfield Game\reshade-shaders\Shaders\SweetFX\Cartoon.fx' in 0.000000 s.
07:35:00:893 [69436] | INFO  | Successfully compiled 'C:\Program Files\Hypergryph Launcher\games\Endfield Game\reshade-shaders\Shaders\SweetFX\CAS.fx' in 0.000000 s.
07:35:00:893 [30028] | INFO  | Successfully compiled 'C:\Program Files\Hypergryph Launcher\games\Endfield Game\reshade-shaders\Shaders\SweetFX\ChromaticAberration.fx' in 0.000000 s.
07:35:00:893 [67752] | INFO  | Successfully compiled 'C:\Program Files\Hypergryph Launcher\games\Endfield Game\reshade-shaders\Shaders\SweetFX\ColorMatrix.fx' in 0.000000 s.
07:35:00:894 [60980] | INFO  | Successfully compiled 'C:\Program Files\Hypergryph Launcher\games\Endfield Game\reshade-shaders\Shaders\SweetFX\Compare.fx' in 0.000000 s.
07:35:00:895 [ 2156] | INFO  | Successfully compiled 'C:\Program Files\Hypergryph Launcher\games\Endfield Game\reshade-shaders\Shaders\SweetFX\CRT.fx' in 0.001000 s.
07:35:00:895 [38304] | INFO  | Successfully compiled 'C:\Program Files\Hypergryph Launcher\games\Endfield Game\reshade-shaders\Shaders\SweetFX\Curves.fx' in 0.000000 s.
07:35:00:896 [71768] | INFO  | Successfully compiled 'C:\Program Files\Hypergryph Launcher\games\Endfield Game\reshade-shaders\Shaders\SweetFX\DPX.fx' in 0.000000 s.
07:35:00:896 [47276] | INFO  | Successfully compiled 'C:\Program Files\Hypergryph Launcher\games\Endfield Game\reshade-shaders\Shaders\SweetFX\FakeHDR.fx' in 0.000000 s.
07:35:00:896 [39776] | INFO  | Successfully compiled 'C:\Program Files\Hypergryph Launcher\games\Endfield Game\reshade-shaders\Shaders\SweetFX\FilmGrain.fx' in 0.001000 s.
07:35:00:898 [40064] | INFO  | Successfully compiled 'C:\Program Files\Hypergryph Launcher\games\Endfield Game\reshade-shaders\Shaders\SweetFX\Levels.fx' in 0.000000 s.
07:35:00:898 [56360] | INFO  | Successfully compiled 'C:\Program Files\Hypergryph Launcher\games\Endfield Game\reshade-shaders\Shaders\SweetFX\LiftGammaGain.fx' in 0.000000 s.
07:35:00:899 [42748] | INFO  | Successfully compiled 'C:\Program Files\Hypergryph Launcher\games\Endfield Game\reshade-shaders\Shaders\SweetFX\FXAA.fx' in 0.001000 s.
07:35:00:899 [47860] | INFO  | Successfully compiled 'C:\Program Files\Hypergryph Launcher\games\Endfield Game\reshade-shaders\Shaders\SweetFX\LumaSharpen.fx' in 0.001000 s.
07:35:00:900 [69456] | INFO  | Successfully compiled 'C:\Program Files\Hypergryph Launcher\games\Endfield Game\reshade-shaders\Shaders\SweetFX\Monochrome.fx' in 0.000000 s.
07:35:00:900 [42748] | INFO  | Successfully compiled 'C:\Program Files\Hypergryph Launcher\games\Endfield Game\reshade-shaders\Shaders\SweetFX\Layer.fx' in 0.000000 s.
07:35:00:900 [14712] | INFO  | Successfully compiled 'C:\Program Files\Hypergryph Launcher\games\Endfield Game\reshade-shaders\Shaders\SweetFX\Sepia.fx' in 0.000000 s.
07:35:00:901 [58624] | INFO  | Successfully compiled 'C:\Program Files\Hypergryph Launcher\games\Endfield Game\reshade-shaders\Shaders\SweetFX\Nostalgia.fx' in 0.001000 s.
07:35:00:902 [53340] | INFO  | Successfully compiled 'C:\Program Files\Hypergryph Launcher\games\Endfield Game\reshade-shaders\Shaders\SweetFX\Splitscreen.fx' in 0.000000 s.
07:35:00:902 [69104] | INFO  | Successfully compiled 'C:\Program Files\Hypergryph Launcher\games\Endfield Game\reshade-shaders\Shaders\SweetFX\Technicolor.fx' in 0.000000 s.
07:35:00:903 [47284] | INFO  | Successfully compiled 'C:\Program Files\Hypergryph Launcher\games\Endfield Game\reshade-shaders\Shaders\SweetFX\Technicolor2.fx' in 0.000000 s.
07:35:00:903 [61600] | INFO  | Successfully compiled 'C:\Program Files\Hypergryph Launcher\games\Endfield Game\reshade-shaders\Shaders\SweetFX\SMAA.fx' in 0.002000 s.
07:35:00:903 [45396] | INFO  | Successfully compiled 'C:\Program Files\Hypergryph Launcher\games\Endfield Game\reshade-shaders\Shaders\SweetFX\Tonemap.fx' in 0.000000 s.
07:35:00:904 [37544] | INFO  | Successfully compiled 'C:\Program Files\Hypergryph Launcher\games\Endfield Game\reshade-shaders\Shaders\SweetFX\Vibrance.fx' in 0.000000 s.
07:35:00:904 [32752] | INFO  | Successfully compiled 'C:\Program Files\Hypergryph Launcher\games\Endfield Game\reshade-shaders\Shaders\SweetFX\Vignette.fx' in 0.000000 s.
07:35:00:905 [47948] | INFO  | Successfully compiled 'C:\Program Files\Hypergryph Launcher\games\Endfield Game\reshade-shaders\Shaders\UIMask.fx' in 0.000000 s.
07:35:00:905 [60876] | INFO  | Successfully compiled 'C:\Program Files\Hypergryph Launcher\games\Endfield Game\vk-present-adapter-effects\AdapterEvents.fx' in 0.000000 s.
07:35:00:915 [65312] | INFO  | Redirecting vkCreateSwapchainKHR(device = 000000002FAA00D0, pCreateInfo = 000000000014F190, pAllocator = 0000000000000000, pSwapchain = 00000002923D26E0) ...
07:35:00:915 [65312] | INFO  | > Dumping swap chain description:
07:35:00:915 [65312] | INFO  |   +-----------------------------------------+-----------------------------------------+
07:35:00:916 [65312] | INFO  |   | Parameter                               | Value                                   |
07:35:00:916 [65312] | INFO  |   +-----------------------------------------+-----------------------------------------+
07:35:00:916 [65312] | INFO  |   | flags                                   | 0x4                                     |
07:35:00:916 [65312] | INFO  |   | surface                                 | 0000000134643590                        |
07:35:00:916 [65312] | INFO  |   | minImageCount                           | 6                                       |
07:35:00:916 [65312] | INFO  |   | imageFormat                             | VK_FORMAT_R8G8B8A8_UNORM                |
07:35:00:916 [65312] | INFO  |   | imageColorSpace                         | VK_COLOR_SPACE_SRGB_NONLINEAR_KHR       |
07:35:00:916 [65312] | INFO  |   | imageExtent                             | 5120                2160                |
07:35:00:916 [65312] | INFO  |   | imageArrayLayers                        | 1                                       |
07:35:00:916 [65312] | INFO  |   | imageUsage                              | 0x1b                                    |
07:35:00:916 [65312] | INFO  |   | imageSharingMode                        | 0                                       |
07:35:00:916 [65312] | INFO  |   | queueFamilyIndexCount                   | 0                                       |
07:35:00:916 [65312] | INFO  |   | preTransform                            | 0x1                                     |
07:35:00:916 [65312] | INFO  |   | compositeAlpha                          | 0x1                                     |
07:35:00:916 [65312] | INFO  |   | presentMode                             | 0                                       |
07:35:00:916 [65312] | INFO  |   | clipped                                 | true                                    |
07:35:00:916 [65312] | INFO  |   | oldSwapchain                            | 000000003E2E0AD0                        |
07:35:00:916 [65312] | INFO  |   +-----------------------------------------+-----------------------------------------+
07:35:00:925 [65312] | INFO  | Destroyed runtime environment on runtime 0000000170410BD0 ('C:\Program Files\Hypergryph Launcher\games\Endfield Game\ReShade.ini').
07:35:00:933 [65312] | INFO  | Recreated runtime environment on runtime 0000000170410BD0 ('C:\Program Files\Hypergryph Launcher\games\Endfield Game\ReShade.ini').
07:35:00:934 [65312] | INFO  | Redirecting vkDestroySwapchainKHR(device = 000000002FAA00D0, swapchain = 000000003E2E0AD0, pAllocator = 0000000000000000) ...
07:35:01:036 [51356] | INFO  | Successfully compiled 'C:\Program Files\Hypergryph Launcher\games\Endfield Game\reshade-shaders\Shaders\Daltonize.fx' in 0.001000 s.
07:35:01:037 [67284] | INFO  | Successfully compiled 'C:\Program Files\Hypergryph Launcher\games\Endfield Game\reshade-shaders\Shaders\DisplayDepth.fx' in 0.001000 s.
07:35:01:037 [ 3352] | INFO  | Successfully compiled 'C:\Program Files\Hypergryph Launcher\games\Endfield Game\reshade-shaders\Shaders\LUT.fx' in 0.000000 s.
07:35:01:038 [71304] | INFO  | Successfully compiled 'C:\Program Files\Hypergryph Launcher\games\Endfield Game\reshade-shaders\Shaders\SweetFX\ASCII.fx' in 0.001000 s.
07:35:01:038 [51356] | INFO  | Successfully compiled 'C:\Program Files\Hypergryph Launcher\games\Endfield Game\reshade-shaders\Shaders\Deband.fx' in 0.001000 s.
07:35:01:039 [35120] | INFO  | Successfully compiled 'C:\Program Files\Hypergryph Launcher\games\Endfield Game\reshade-shaders\Shaders\SweetFX\Border.fx' in 0.000000 s.
07:35:01:039 [64320] | INFO  | Successfully compiled 'C:\Program Files\Hypergryph Launcher\games\Endfield Game\reshade-shaders\Shaders\SweetFX\Cartoon.fx' in 0.000000 s.
07:35:01:040 [65384] | INFO  | Successfully compiled 'C:\Program Files\Hypergryph Launcher\games\Endfield Game\reshade-shaders\Shaders\SweetFX\CAS.fx' in 0.001000 s.
07:35:01:040 [40940] | INFO  | Successfully compiled 'C:\Program Files\Hypergryph Launcher\games\Endfield Game\reshade-shaders\Shaders\SweetFX\ChromaticAberration.fx' in 0.000000 s.
07:35:01:041 [71544] | INFO  | Successfully compiled 'C:\Program Files\Hypergryph Launcher\games\Endfield Game\reshade-shaders\Shaders\SweetFX\ColorMatrix.fx' in 0.000000 s.
07:35:01:042 [57924] | INFO  | Successfully compiled 'C:\Program Files\Hypergryph Launcher\games\Endfield Game\reshade-shaders\Shaders\SweetFX\Compare.fx' in 0.000000 s.
07:35:01:042 [71828] | INFO  | Successfully compiled 'C:\Program Files\Hypergryph Launcher\games\Endfield Game\reshade-shaders\Shaders\SweetFX\Curves.fx' in 0.000000 s.
07:35:01:042 [50600] | INFO  | Successfully compiled 'C:\Program Files\Hypergryph Launcher\games\Endfield Game\reshade-shaders\Shaders\SweetFX\CRT.fx' in 0.001000 s.
07:35:01:043 [53916] | INFO  | Successfully compiled 'C:\Program Files\Hypergryph Launcher\games\Endfield Game\reshade-shaders\Shaders\SweetFX\DPX.fx' in 0.000000 s.
07:35:01:043 [70024] | INFO  | Successfully compiled 'C:\Program Files\Hypergryph Launcher\games\Endfield Game\reshade-shaders\Shaders\SweetFX\FakeHDR.fx' in 0.000000 s.
07:35:01:043 [72544] | INFO  | Successfully compiled 'C:\Program Files\Hypergryph Launcher\games\Endfield Game\reshade-shaders\Shaders\SweetFX\FilmGrain.fx' in 0.000000 s.
07:35:01:045 [61984] | INFO  | Successfully compiled 'C:\Program Files\Hypergryph Launcher\games\Endfield Game\reshade-shaders\Shaders\SweetFX\Levels.fx' in 0.000000 s.
07:35:01:045 [57360] | INFO  | Successfully compiled 'C:\Program Files\Hypergryph Launcher\games\Endfield Game\reshade-shaders\Shaders\SweetFX\LiftGammaGain.fx' in 0.000000 s.
07:35:01:046 [54188] | INFO  | Successfully compiled 'C:\Program Files\Hypergryph Launcher\games\Endfield Game\reshade-shaders\Shaders\SweetFX\FXAA.fx' in 0.002000 s.
07:35:01:046 [66320] | INFO  | Successfully compiled 'C:\Program Files\Hypergryph Launcher\games\Endfield Game\reshade-shaders\Shaders\SweetFX\Monochrome.fx' in 0.000000 s.
07:35:01:046 [ 5928] | INFO  | Successfully compiled 'C:\Program Files\Hypergryph Launcher\games\Endfield Game\reshade-shaders\Shaders\SweetFX\LumaSharpen.fx' in 0.001000 s.
07:35:01:046 [54188] | INFO  | Successfully compiled 'C:\Program Files\Hypergryph Launcher\games\Endfield Game\reshade-shaders\Shaders\SweetFX\Layer.fx' in 0.000000 s.
07:35:01:047 [33692] | INFO  | Successfully compiled 'C:\Program Files\Hypergryph Launcher\games\Endfield Game\reshade-shaders\Shaders\SweetFX\Sepia.fx' in 0.000000 s.
07:35:01:048 [ 5944] | INFO  | Successfully compiled 'C:\Program Files\Hypergryph Launcher\games\Endfield Game\reshade-shaders\Shaders\SweetFX\Nostalgia.fx' in 0.001000 s.
07:35:01:049 [39648] | INFO  | Successfully compiled 'C:\Program Files\Hypergryph Launcher\games\Endfield Game\reshade-shaders\Shaders\SweetFX\Splitscreen.fx' in 0.000000 s.
07:35:01:049 [69664] | INFO  | Successfully compiled 'C:\Program Files\Hypergryph Launcher\games\Endfield Game\reshade-shaders\Shaders\SweetFX\Technicolor.fx' in 0.000000 s.
07:35:01:049 [72188] | INFO  | Successfully compiled 'C:\Program Files\Hypergryph Launcher\games\Endfield Game\reshade-shaders\Shaders\SweetFX\Technicolor2.fx' in 0.000000 s.
07:35:01:050 [52256] | INFO  | Successfully compiled 'C:\Program Files\Hypergryph Launcher\games\Endfield Game\reshade-shaders\Shaders\SweetFX\Tonemap.fx' in 0.000000 s.
07:35:01:050 [50316] | INFO  | Successfully compiled 'C:\Program Files\Hypergryph Launcher\games\Endfield Game\reshade-shaders\Shaders\SweetFX\SMAA.fx' in 0.002000 s.
07:35:01:050 [70748] | INFO  | Successfully compiled 'C:\Program Files\Hypergryph Launcher\games\Endfield Game\reshade-shaders\Shaders\SweetFX\Vibrance.fx' in 0.000000 s.
07:35:01:051 [64944] | INFO  | Successfully compiled 'C:\Program Files\Hypergryph Launcher\games\Endfield Game\reshade-shaders\Shaders\SweetFX\Vignette.fx' in 0.001000 s.
07:35:01:052 [54676] | INFO  | Successfully compiled 'C:\Program Files\Hypergryph Launcher\games\Endfield Game\reshade-shaders\Shaders\UIMask.fx' in 0.000000 s.
07:35:01:052 [72520] | INFO  | Successfully compiled 'C:\Program Files\Hypergryph Launcher\games\Endfield Game\vk-present-adapter-effects\AdapterEvents.fx' in 0.000000 s.
07:35:01:176 [23240] | INFO  | Redirecting CreateDXGIFactory1(riid = {7B7166EC-21C7-44AE-B21A-C9AE321AE369}, ppFactory = 000000017FA4E408) ...
07:35:01:177 [23240] | INFO  | Redirecting CreateDXGIFactory1(riid = {7B7166EC-21C7-44AE-B21A-C9AE321AE369}, ppFactory = 000000017FA4E408) ...
07:35:01:178 [23240] | INFO  | Redirecting CreateDXGIFactory1(riid = {7B7166EC-21C7-44AE-B21A-C9AE321AE369}, ppFactory = 000000017FA4E408) ...
07:35:01:179 [23240] | INFO  | Redirecting CreateDXGIFactory1(riid = {7B7166EC-21C7-44AE-B21A-C9AE321AE369}, ppFactory = 000000017FA4E408) ...
07:35:01:180 [23240] | INFO  | Redirecting CreateDXGIFactory1(riid = {7B7166EC-21C7-44AE-B21A-C9AE321AE369}, ppFactory = 000000017FA4E408) ...
07:35:01:181 [23240] | INFO  | Redirecting CreateDXGIFactory1(riid = {7B7166EC-21C7-44AE-B21A-C9AE321AE369}, ppFactory = 000000017FA4E408) ...
07:35:01:182 [33128] | INFO  | Redirecting CreateDXGIFactory1(riid = {7B7166EC-21C7-44AE-B21A-C9AE321AE369}, ppFactory = 000000017F94E498) ...
07:35:01:183 [33128] | INFO  | Redirecting CreateDXGIFactory1(riid = {7B7166EC-21C7-44AE-B21A-C9AE321AE369}, ppFactory = 000000017F94E498) ...
07:35:01:184 [33128] | INFO  | Redirecting CreateDXGIFactory1(riid = {7B7166EC-21C7-44AE-B21A-C9AE321AE369}, ppFactory = 000000017F94E498) ...
07:35:01:185 [33128] | INFO  | Redirecting CreateDXGIFactory1(riid = {7B7166EC-21C7-44AE-B21A-C9AE321AE369}, ppFactory = 000000017F94E498) ...
07:35:01:185 [33128] | INFO  | Redirecting CreateDXGIFactory1(riid = {7B7166EC-21C7-44AE-B21A-C9AE321AE369}, ppFactory = 000000017F94E498) ...
07:35:01:186 [33128] | INFO  | Redirecting CreateDXGIFactory1(riid = {7B7166EC-21C7-44AE-B21A-C9AE321AE369}, ppFactory = 000000017F94E498) ...
07:35:01:199 [33128] | INFO  | Redirecting CreateDXGIFactory1(riid = {7B7166EC-21C7-44AE-B21A-C9AE321AE369}, ppFactory = 000000017F94E498) ...
07:35:01:200 [33128] | INFO  | Redirecting CreateDXGIFactory1(riid = {7B7166EC-21C7-44AE-B21A-C9AE321AE369}, ppFactory = 000000017F94E498) ...
07:35:01:201 [33128] | INFO  | Redirecting CreateDXGIFactory1(riid = {7B7166EC-21C7-44AE-B21A-C9AE321AE369}, ppFactory = 000000017F94E498) ...
07:35:01:202 [33128] | INFO  | Redirecting CreateDXGIFactory1(riid = {7B7166EC-21C7-44AE-B21A-C9AE321AE369}, ppFactory = 000000017F94E498) ...
07:35:01:203 [33128] | INFO  | Redirecting CreateDXGIFactory1(riid = {7B7166EC-21C7-44AE-B21A-C9AE321AE369}, ppFactory = 000000017F94E498) ...
07:35:01:204 [33128] | INFO  | Redirecting CreateDXGIFactory1(riid = {7B7166EC-21C7-44AE-B21A-C9AE321AE369}, ppFactory = 000000017F94E498) ...
07:35:01:335 [23240] | INFO  | Redirecting CreateDXGIFactory1(riid = {7B7166EC-21C7-44AE-B21A-C9AE321AE369}, ppFactory = 000000017FA4E408) ...
07:35:01:337 [23240] | INFO  | Redirecting CreateDXGIFactory1(riid = {7B7166EC-21C7-44AE-B21A-C9AE321AE369}, ppFactory = 000000017FA4E408) ...
07:35:01:338 [23240] | INFO  | Redirecting CreateDXGIFactory1(riid = {7B7166EC-21C7-44AE-B21A-C9AE321AE369}, ppFactory = 000000017FA4E408) ...
07:35:01:339 [23240] | INFO  | Redirecting CreateDXGIFactory1(riid = {7B7166EC-21C7-44AE-B21A-C9AE321AE369}, ppFactory = 000000017FA4E408) ...
07:35:01:340 [23240] | INFO  | Redirecting CreateDXGIFactory1(riid = {7B7166EC-21C7-44AE-B21A-C9AE321AE369}, ppFactory = 000000017FA4E408) ...
07:35:01:341 [23240] | INFO  | Redirecting CreateDXGIFactory1(riid = {7B7166EC-21C7-44AE-B21A-C9AE321AE369}, ppFactory = 000000017FA4E408) ...
07:35:12:647 [ 4228] | INFO  | Redirecting CreateDXGIFactory1(riid = {7B7166EC-21C7-44AE-B21A-C9AE321AE369}, ppFactory = 000000263755B540) ...
07:35:14:986 [ 4228] | INFO  | Redirecting CreateDXGIFactory1(riid = {7B7166EC-21C7-44AE-B21A-C9AE321AE369}, ppFactory = 000000263755B540) ...
07:35:16:358 [ 4228] | INFO  | Redirecting CreateDXGIFactory1(riid = {7B7166EC-21C7-44AE-B21A-C9AE321AE369}, ppFactory = 000000263755F5E8) ...
07:35:16:514 [ 4228] | INFO  | Redirecting CreateDXGIFactory1(riid = {7B7166EC-21C7-44AE-B21A-C9AE321AE369}, ppFactory = 000000263755EB30) ...
07:35:19:915 [ 4228] | INFO  | Redirecting CreateDXGIFactory1(riid = {7B7166EC-21C7-44AE-B21A-C9AE321AE369}, ppFactory = 000000263755B540) ...
07:35:21:273 [ 4228] | INFO  | Redirecting CreateDXGIFactory1(riid = {7B7166EC-21C7-44AE-B21A-C9AE321AE369}, ppFactory = 000000263755F5E8) ...
07:35:21:435 [ 4228] | INFO  | Redirecting CreateDXGIFactory1(riid = {7B7166EC-21C7-44AE-B21A-C9AE321AE369}, ppFactory = 000000263755EB30) ...
